13:14:24 **** Build of configuration Default for project code ****
make all 
arm-none-eabi-gcc -c -mcpu=cortex-m3 -mthumb   -DUSE_HAL_DRIVER -DSTM32F103x6 -ICore/Inc -IDrivers/STM32F1xx_HAL_Driver/Inc -IDrivers/STM32F1xx_HAL_Driver/Inc/Legacy -IMiddlewares/Third_Party/FreeRTOS/Source/include -IMiddlewares/Third_Party/FreeRTOS/Source/CMSIS_RTOS_V2 -IMiddlewares/Third_Party/FreeRTOS/Source/portable/GCC/ARM_CM3 -IDrivers/CMSIS/Device/ST/STM32F1xx/Include -IDrivers/CMSIS/Include -Og -Wall -fdata-sections -ffunction-sections -mlong-calls -g -gdwarf-2 -fdebug-prefix-map==../ -MMD -MP -MF"build/driver_motor.d" -Wa,-a,-ad,-alms=build/driver_motor.lst Core/Src/driver_motor.c -o build/driver_motor.o
arm-none-eabi-gcc -c -mcpu=cortex-m3 -mthumb   -DUSE_HAL_DRIVER -DSTM32F103x6 -ICore/Inc -IDrivers/STM32F1xx_HAL_Driver/Inc -IDrivers/STM32F1xx_HAL_Driver/Inc/Legacy -IMiddlewares/Third_Party/FreeRTOS/Source/include -IMiddlewares/Third_Party/FreeRTOS/Source/CMSIS_RTOS_V2 -IMiddlewares/Third_Party/FreeRTOS/Source/portable/GCC/ARM_CM3 -IDrivers/CMSIS/Device/ST/STM32F1xx/Include -IDrivers/CMSIS/Include -Og -Wall -fdata-sections -ffunction-sections -mlong-calls -g -gdwarf-2 -fdebug-prefix-map==../ -MMD -MP -MF"build/driver_console.d" -Wa,-a,-ad,-alms=build/driver_console.lst Core/Src/driver_console.c -o build/driver_console.o
arm-none-eabi-gcc -c -mcpu=cortex-m3 -mthumb   -DUSE_HAL_DRIVER -DSTM32F103x6 -ICore/Inc -IDrivers/STM32F1xx_HAL_Driver/Inc -IDrivers/STM32F1xx_HAL_Driver/Inc/Legacy -IMiddlewares/Third_Party/FreeRTOS/Source/include -IMiddlewares/Third_Party/FreeRTOS/Source/CMSIS_RTOS_V2 -IMiddlewares/Third_Party/FreeRTOS/Source/portable/GCC/ARM_CM3 -IDrivers/CMSIS/Device/ST/STM32F1xx/Include -IDrivers/CMSIS/Include -Og -Wall -fdata-sections -ffunction-sections -mlong-calls -g -gdwarf-2 -fdebug-prefix-map==../ -MMD -MP -MF"build/driver_lcd.d" -Wa,-a,-ad,-alms=build/driver_lcd.lst Core/Src/driver_lcd.c -o build/driver_lcd.o
arm-none-eabi-gcc -c -mcpu=cortex-m3 -mthumb   -DUSE_HAL_DRIVER -DSTM32F103x6 -ICore/Inc -IDrivers/STM32F1xx_HAL_Driver/Inc -IDrivers/STM32F1xx_HAL_Driver/Inc/Legacy -IMiddlewares/Third_Party/FreeRTOS/Source/include -IMiddlewares/Third_Party/FreeRTOS/Source/CMSIS_RTOS_V2 -IMiddlewares/Third_Party/FreeRTOS/Source/portable/GCC/ARM_CM3 -IDrivers/CMSIS/Device/ST/STM32F1xx/Include -IDrivers/CMSIS/Include -Og -Wall -fdata-sections -ffunction-sections -mlong-calls -g -gdwarf-2 -fdebug-prefix-map==../ -MMD -MP -MF"build/driver_temp.d" -Wa,-a,-ad,-alms=build/driver_temp.lst Core/Src/driver_temp.c -o build/driver_temp.o
arm-none-eabi-gcc build/main.o build/gpio.o build/freertos.o build/adc.o build/tim.o build/usart.o build/example.o build/driver_motor.o build/driver_console.o build/driver_lcd.o build/driver_temp.o build/stm32f1xx_it.o build/stm32f1xx_hal_msp.o build/stm32f1xx_hal_timebase_tim.o build/stm32f1xx_hal_gpio_ex.o build/stm32f1xx_hal_adc.o build/stm32f1xx_hal_adc_ex.o build/stm32f1xx_hal.o build/stm32f1xx_hal_rcc.o build/stm32f1xx_hal_rcc_ex.o build/stm32f1xx_hal_gpio.o build/stm32f1xx_hal_dma.o build/stm32f1xx_hal_cortex.o build/stm32f1xx_hal_pwr.o build/stm32f1xx_hal_flash.o build/stm32f1xx_hal_flash_ex.o build/stm32f1xx_hal_exti.o build/stm32f1xx_hal_tim.o build/stm32f1xx_hal_tim_ex.o build/stm32f1xx_hal_uart.o build/system_stm32f1xx.o build/croutine.o build/event_groups.o build/list.o build/queue.o build/stream_buffer.o build/tasks.o build/timers.o build/cmsis_os2.o build/heap_4.o build/port.o build/startup_stm32f103x6_init.o -mcpu=cortex-m3 -mthumb   -specs=nano.specs -TSTM32F103R6Tx_FLASH.ld  -lc -lm -lnosys  -Wl,-Map=build/code.map,--cref -Wl,--gc-sections -o build/code.elf
arm-none-eabi-size build/code.elf
   text	   data	    bss	    dec	    hex	filename
  23040	     24	   8328	  31392	   7aa0	build/code.elf
arm-none-eabi-objcopy -O ihex build/code.elf build/code.hex
arm-none-eabi-objcopy -O binary -S build/code.elf build/code.bin	

13:14:26 Build Finished. 0 errors, 0 warnings. (took 2s.389ms)

