Archive member included to satisfy reference by file (symbol)

c:/users/test/desktop/gnu mcu/arm-none-eabi-gcc-10.2.1-1.1/bin/../lib/gcc/arm-none-eabi/10.2.1/../../../../arm-none-eabi/lib/thumb/v7-m/nofp\libc_nano.a(lib_a-exit.o)
                              c:/users/test/desktop/gnu mcu/arm-none-eabi-gcc-10.2.1-1.1/bin/../lib/gcc/arm-none-eabi/10.2.1/../../../../arm-none-eabi/lib/thumb/v7-m/nofp/crt0.o (exit)
c:/users/test/desktop/gnu mcu/arm-none-eabi-gcc-10.2.1-1.1/bin/../lib/gcc/arm-none-eabi/10.2.1/../../../../arm-none-eabi/lib/thumb/v7-m/nofp\libc_nano.a(lib_a-impure.o)
                              c:/users/test/desktop/gnu mcu/arm-none-eabi-gcc-10.2.1-1.1/bin/../lib/gcc/arm-none-eabi/10.2.1/../../../../arm-none-eabi/lib/thumb/v7-m/nofp\libc_nano.a(lib_a-exit.o) (_global_impure_ptr)
c:/users/test/desktop/gnu mcu/arm-none-eabi-gcc-10.2.1-1.1/bin/../lib/gcc/arm-none-eabi/10.2.1/../../../../arm-none-eabi/lib/thumb/v7-m/nofp\libc_nano.a(lib_a-init.o)
                              c:/users/test/desktop/gnu mcu/arm-none-eabi-gcc-10.2.1-1.1/bin/../lib/gcc/arm-none-eabi/10.2.1/../../../../arm-none-eabi/lib/thumb/v7-m/nofp/crt0.o (__libc_init_array)
c:/users/test/desktop/gnu mcu/arm-none-eabi-gcc-10.2.1-1.1/bin/../lib/gcc/arm-none-eabi/10.2.1/../../../../arm-none-eabi/lib/thumb/v7-m/nofp\libc_nano.a(lib_a-memcpy-stub.o)
                              build/queue.o (memcpy)
c:/users/test/desktop/gnu mcu/arm-none-eabi-gcc-10.2.1-1.1/bin/../lib/gcc/arm-none-eabi/10.2.1/../../../../arm-none-eabi/lib/thumb/v7-m/nofp\libc_nano.a(lib_a-memset.o)
                              c:/users/test/desktop/gnu mcu/arm-none-eabi-gcc-10.2.1-1.1/bin/../lib/gcc/arm-none-eabi/10.2.1/../../../../arm-none-eabi/lib/thumb/v7-m/nofp/crt0.o (memset)
c:/users/test/desktop/gnu mcu/arm-none-eabi-gcc-10.2.1-1.1/bin/../lib/gcc/arm-none-eabi/10.2.1/../../../../arm-none-eabi/lib/thumb/v7-m/nofp\libnosys.a(_exit.o)
                              c:/users/test/desktop/gnu mcu/arm-none-eabi-gcc-10.2.1-1.1/bin/../lib/gcc/arm-none-eabi/10.2.1/../../../../arm-none-eabi/lib/thumb/v7-m/nofp\libc_nano.a(lib_a-exit.o) (_exit)
c:/users/test/desktop/gnu mcu/arm-none-eabi-gcc-10.2.1-1.1/bin/../lib/gcc/arm-none-eabi/10.2.1/thumb/v7-m/nofp\libgcc.a(_arm_muldf3.o)
                              build/driver_temp.o (__aeabi_dmul)
c:/users/test/desktop/gnu mcu/arm-none-eabi-gcc-10.2.1-1.1/bin/../lib/gcc/arm-none-eabi/10.2.1/thumb/v7-m/nofp\libgcc.a(_arm_mulsf3.o)
                              build/driver_temp.o (__aeabi_fmul)
c:/users/test/desktop/gnu mcu/arm-none-eabi-gcc-10.2.1-1.1/bin/../lib/gcc/arm-none-eabi/10.2.1/thumb/v7-m/nofp\libgcc.a(_arm_addsubdf3.o)
                              build/driver_temp.o (__aeabi_f2d)
c:/users/test/desktop/gnu mcu/arm-none-eabi-gcc-10.2.1-1.1/bin/../lib/gcc/arm-none-eabi/10.2.1/thumb/v7-m/nofp\libgcc.a(_arm_truncdfsf2.o)
                              build/driver_temp.o (__aeabi_d2f)
c:/users/test/desktop/gnu mcu/arm-none-eabi-gcc-10.2.1-1.1/bin/../lib/gcc/arm-none-eabi/10.2.1/thumb/v7-m/nofp\libgcc.a(_arm_addsubsf3.o)
                              build/driver_temp.o (__aeabi_ui2f)
c:/users/test/desktop/gnu mcu/arm-none-eabi-gcc-10.2.1-1.1/bin/../lib/gcc/arm-none-eabi/10.2.1/thumb/v7-m/nofp\libgcc.a(_arm_cmpsf2.o)
                              build/example.o (__aeabi_fcmple)
c:/users/test/desktop/gnu mcu/arm-none-eabi-gcc-10.2.1-1.1/bin/../lib/gcc/arm-none-eabi/10.2.1/thumb/v7-m/nofp\libgcc.a(_arm_fixunssfsi.o)
                              build/example.o (__aeabi_f2uiz)

Discarded input sections

 .text          0x0000000000000000        0x0 c:/users/test/desktop/gnu mcu/arm-none-eabi-gcc-10.2.1-1.1/bin/../lib/gcc/arm-none-eabi/10.2.1/thumb/v7-m/nofp/crti.o
 .data          0x0000000000000000        0x0 c:/users/test/desktop/gnu mcu/arm-none-eabi-gcc-10.2.1-1.1/bin/../lib/gcc/arm-none-eabi/10.2.1/thumb/v7-m/nofp/crti.o
 .bss           0x0000000000000000        0x0 c:/users/test/desktop/gnu mcu/arm-none-eabi-gcc-10.2.1-1.1/bin/../lib/gcc/arm-none-eabi/10.2.1/thumb/v7-m/nofp/crti.o
 .text          0x0000000000000000        0x0 c:/users/test/desktop/gnu mcu/arm-none-eabi-gcc-10.2.1-1.1/bin/../lib/gcc/arm-none-eabi/10.2.1/thumb/v7-m/nofp/crtbegin.o
 .data          0x0000000000000000        0x0 c:/users/test/desktop/gnu mcu/arm-none-eabi-gcc-10.2.1-1.1/bin/../lib/gcc/arm-none-eabi/10.2.1/thumb/v7-m/nofp/crtbegin.o
 .bss           0x0000000000000000        0x0 c:/users/test/desktop/gnu mcu/arm-none-eabi-gcc-10.2.1-1.1/bin/../lib/gcc/arm-none-eabi/10.2.1/thumb/v7-m/nofp/crtbegin.o
 .rodata.all_implied_fbits
                0x0000000000000000       0x24 c:/users/test/desktop/gnu mcu/arm-none-eabi-gcc-10.2.1-1.1/bin/../lib/gcc/arm-none-eabi/10.2.1/thumb/v7-m/nofp/crtbegin.o
 .data.__dso_handle
                0x0000000000000000        0x4 c:/users/test/desktop/gnu mcu/arm-none-eabi-gcc-10.2.1-1.1/bin/../lib/gcc/arm-none-eabi/10.2.1/thumb/v7-m/nofp/crtbegin.o
[...]
Memory Configuration

Name             Origin             Length             Attributes
RAM              0x0000000020000000 0x0000000000002800 xrw
FLASH            0x0000000008000000 0x0000000000008000 xr
*default*        0x0000000000000000 0xffffffffffffffff

Linker script and memory map

LOAD c:/users/test/desktop/gnu mcu/arm-none-eabi-gcc-10.2.1-1.1/bin/../lib/gcc/arm-none-eabi/10.2.1/thumb/v7-m/nofp/crti.o
LOAD c:/users/test/desktop/gnu mcu/arm-none-eabi-gcc-10.2.1-1.1/bin/../lib/gcc/arm-none-eabi/10.2.1/thumb/v7-m/nofp/crtbegin.o
LOAD c:/users/test/desktop/gnu mcu/arm-none-eabi-gcc-10.2.1-1.1/bin/../lib/gcc/arm-none-eabi/10.2.1/../../../../arm-none-eabi/lib/thumb/v7-m/nofp/crt0.o
LOAD build/main.o
LOAD build/gpio.o
LOAD build/freertos.o
LOAD build/adc.o
LOAD build/tim.o
LOAD build/usart.o
LOAD build/example.o
LOAD build/driver_motor.o
LOAD build/driver_console.o
LOAD build/driver_lcd.o
LOAD build/driver_temp.o
LOAD build/stm32f1xx_it.o
LOAD build/stm32f1xx_hal_msp.o
LOAD build/stm32f1xx_hal_timebase_tim.o
LOAD build/stm32f1xx_hal_gpio_ex.o
LOAD build/stm32f1xx_hal_adc.o
LOAD build/stm32f1xx_hal_adc_ex.o
LOAD build/stm32f1xx_hal.o
LOAD build/stm32f1xx_hal_rcc.o
LOAD build/stm32f1xx_hal_rcc_ex.o
LOAD build/stm32f1xx_hal_gpio.o
LOAD build/stm32f1xx_hal_dma.o
LOAD build/stm32f1xx_hal_cortex.o
LOAD build/stm32f1xx_hal_pwr.o
LOAD build/stm32f1xx_hal_flash.o
LOAD build/stm32f1xx_hal_flash_ex.o
LOAD build/stm32f1xx_hal_exti.o
LOAD build/stm32f1xx_hal_tim.o
LOAD build/stm32f1xx_hal_tim_ex.o
LOAD build/stm32f1xx_hal_uart.o
LOAD build/system_stm32f1xx.o
LOAD build/croutine.o
LOAD build/event_groups.o
LOAD build/list.o
LOAD build/queue.o
LOAD build/stream_buffer.o
LOAD build/tasks.o
LOAD build/timers.o
LOAD build/cmsis_os2.o
LOAD build/heap_4.o
LOAD build/port.o
LOAD build/startup_stm32f103x6_init.o
LOAD c:/users/test/desktop/gnu mcu/arm-none-eabi-gcc-10.2.1-1.1/bin/../lib/gcc/arm-none-eabi/10.2.1/../../../../arm-none-eabi/lib/thumb/v7-m/nofp\libc_nano.a
LOAD c:/users/test/desktop/gnu mcu/arm-none-eabi-gcc-10.2.1-1.1/bin/../lib/gcc/arm-none-eabi/10.2.1/../../../../arm-none-eabi/lib/thumb/v7-m/nofp\libm.a
LOAD c:/users/test/desktop/gnu mcu/arm-none-eabi-gcc-10.2.1-1.1/bin/../lib/gcc/arm-none-eabi/10.2.1/../../../../arm-none-eabi/lib/thumb/v7-m/nofp\libnosys.a
START GROUP
LOAD c:/users/test/desktop/gnu mcu/arm-none-eabi-gcc-10.2.1-1.1/bin/../lib/gcc/arm-none-eabi/10.2.1/thumb/v7-m/nofp\libgcc.a
LOAD c:/users/test/desktop/gnu mcu/arm-none-eabi-gcc-10.2.1-1.1/bin/../lib/gcc/arm-none-eabi/10.2.1/../../../../arm-none-eabi/lib/thumb/v7-m/nofp\libc_nano.a
END GROUP
START GROUP
LOAD c:/users/test/desktop/gnu mcu/arm-none-eabi-gcc-10.2.1-1.1/bin/../lib/gcc/arm-none-eabi/10.2.1/thumb/v7-m/nofp\libgcc.a
LOAD c:/users/test/desktop/gnu mcu/arm-none-eabi-gcc-10.2.1-1.1/bin/../lib/gcc/arm-none-eabi/10.2.1/../../../../arm-none-eabi/lib/thumb/v7-m/nofp\libc_nano.a
END GROUP
LOAD c:/users/test/desktop/gnu mcu/arm-none-eabi-gcc-10.2.1-1.1/bin/../lib/gcc/arm-none-eabi/10.2.1/thumb/v7-m/nofp/crtend.o
LOAD c:/users/test/desktop/gnu mcu/arm-none-eabi-gcc-10.2.1-1.1/bin/../lib/gcc/arm-none-eabi/10.2.1/thumb/v7-m/nofp/crtn.o
                0x0000000020002800                _estack = 0x20002800
                0x0000000000000200                _Min_Heap_Size = 0x200
                0x0000000000000400                _Min_Stack_Size = 0x400

.isr_vector     0x0000000008000000      0x10c
                0x0000000008000000                . = ALIGN (0x4)
 *(.isr_vector)
 .isr_vector    0x0000000008000000      0x10c build/startup_stm32f103x6_init.o
                0x0000000008000000                g_pfnVectors
                0x000000000800010c                . = ALIGN (0x4)

.text           0x0000000008000110     0x5838
                0x0000000008000110                . = ALIGN (0x4)
 *(.text)
 .text          0x0000000008000110      0x254 c:/users/test/desktop/gnu mcu/arm-none-eabi-gcc-10.2.1-1.1/bin/../lib/gcc/arm-none-eabi/10.2.1/thumb/v7-m/nofp\libgcc.a(_arm_muldf3.o)
                0x0000000008000110                __muldf3
                0x0000000008000110                __aeabi_dmul
 .text          0x0000000008000364      0x168 c:/users/test/desktop/gnu mcu/arm-none-eabi-gcc-10.2.1-1.1/bin/../lib/gcc/arm-none-eabi/10.2.1/thumb/v7-m/nofp\libgcc.a(_arm_mulsf3.o)
                0x0000000008000364                __aeabi_fmul
                0x0000000008000364                __mulsf3
 .text          0x00000000080004cc      0x378 c:/users/test/desktop/gnu mcu/arm-none-eabi-gcc-10.2.1-1.1/bin/../lib/gcc/arm-none-eabi/10.2.1/thumb/v7-m/nofp\libgcc.a(_arm_addsubdf3.o)
                0x00000000080004cc                __aeabi_drsub
                0x00000000080004d4                __aeabi_dsub
                0x00000000080004d4                __subdf3
                0x00000000080004d8                __aeabi_dadd
                0x00000000080004d8                __adddf3
                0x0000000008000750                __floatunsidf
                0x0000000008000750                __aeabi_ui2d
                0x0000000008000770                __floatsidf
                0x0000000008000770                __aeabi_i2d
                0x0000000008000794                __aeabi_f2d
                0x0000000008000794                __extendsfdf2
                0x00000000080007d8                __floatundidf
                0x00000000080007d8                __aeabi_ul2d
                0x00000000080007e8                __floatdidf
                0x00000000080007e8                __aeabi_l2d
 .text          0x0000000008000844       0xa0 c:/users/test/desktop/gnu mcu/arm-none-eabi-gcc-10.2.1-1.1/bin/../lib/gcc/arm-none-eabi/10.2.1/thumb/v7-m/nofp\libgcc.a(_arm_truncdfsf2.o)
                0x0000000008000844                __truncdfsf2
                0x0000000008000844                __aeabi_d2f
 .text          0x00000000080008e4      0x21c c:/users/test/desktop/gnu mcu/arm-none-eabi-gcc-10.2.1-1.1/bin/../lib/gcc/arm-none-eabi/10.2.1/thumb/v7-m/nofp\libgcc.a(_arm_addsubsf3.o)
                0x00000000080008e4                __aeabi_frsub
                0x00000000080008ec                __subsf3
                0x00000000080008ec                __aeabi_fsub
                0x00000000080008f0                __aeabi_fadd
                0x00000000080008f0                __addsf3
                0x0000000008000a50                __aeabi_ui2f
                0x0000000008000a50                __floatunsisf
                0x0000000008000a58                __aeabi_i2f
                0x0000000008000a58                __floatsisf
                0x0000000008000a74                __aeabi_ul2f
                0x0000000008000a74                __floatundisf
                0x0000000008000a84                __aeabi_l2f
                0x0000000008000a84                __floatdisf
 .text          0x0000000008000b00       0xec c:/users/test/desktop/gnu mcu/arm-none-eabi-gcc-10.2.1-1.1/bin/../lib/gcc/arm-none-eabi/10.2.1/thumb/v7-m/nofp\libgcc.a(_arm_cmpsf2.o)
                0x0000000008000b00                __gesf2
                0x0000000008000b00                __gtsf2
                0x0000000008000b08                __lesf2
                0x0000000008000b08                __ltsf2
                0x0000000008000b10                __nesf2
                0x0000000008000b10                __eqsf2
                0x0000000008000b10                __cmpsf2
                0x0000000008000b70                __aeabi_cfrcmple
                0x0000000008000b78                __aeabi_cfcmpeq
                0x0000000008000b78                __aeabi_cfcmple
                0x0000000008000b88                __aeabi_fcmpeq
                0x0000000008000b9c                __aeabi_fcmplt
                0x0000000008000bb0                __aeabi_fcmple
                0x0000000008000bc4                __aeabi_fcmpge
                0x0000000008000bd8                __aeabi_fcmpgt
 .text          0x0000000008000bec       0x40 c:/users/test/desktop/gnu mcu/arm-none-eabi-gcc-10.2.1-1.1/bin/../lib/gcc/arm-none-eabi/10.2.1/thumb/v7-m/nofp\libgcc.a(_arm_fixunssfsi.o)
                0x0000000008000bec                __fixunssfsi
                0x0000000008000bec                __aeabi_f2uiz
 *(.text*)
 .text.__do_global_dtors_aux
                0x0000000008000c2c       0x24 c:/users/test/desktop/gnu mcu/arm-none-eabi-gcc-10.2.1-1.1/bin/../lib/gcc/arm-none-eabi/10.2.1/thumb/v7-m/nofp/crtbegin.o
 .text.frame_dummy
                0x0000000008000c50       0x1c c:/users/test/desktop/gnu mcu/arm-none-eabi-gcc-10.2.1-1.1/bin/../lib/gcc/arm-none-eabi/10.2.1/thumb/v7-m/nofp/crtbegin.o
 .text.HAL_TIM_PeriodElapsedCallback
                0x0000000008000c6c       0x1c build/main.o
                0x0000000008000c6c                HAL_TIM_PeriodElapsedCallback
 .text.Error_Handler
                0x0000000008000c88        0x4 build/main.o
                0x0000000008000c88                Error_Handler
 .text.SystemClock_Config
                0x0000000008000c8c       0x84 build/main.o
                0x0000000008000c8c                SystemClock_Config
 .text.main     0x0000000008000d10       0x54 build/main.o
                0x0000000008000d10                main
 .text.MX_GPIO_Init
                0x0000000008000d64       0x6c build/gpio.o
                0x0000000008000d64                MX_GPIO_Init
 .text.StartDefaultTask
                0x0000000008000dd0       0x10 build/freertos.o
                0x0000000008000dd0                StartDefaultTask
 .text.MX_FREERTOS_Init
                0x0000000008000de0       0x24 build/freertos.o
                0x0000000008000de0                MX_FREERTOS_Init
 .text.MX_ADC1_Init
                0x0000000008000e04       0x68 build/adc.o
                0x0000000008000e04                MX_ADC1_Init
 .text.HAL_ADC_MspInit
                0x0000000008000e6c       0x7c build/adc.o
                0x0000000008000e6c                HAL_ADC_MspInit
 .text.HAL_TIM_Base_MspInit
                0x0000000008000ee8       0x48 build/tim.o
                0x0000000008000ee8                HAL_TIM_Base_MspInit
 .text.HAL_TIM_MspPostInit
                0x0000000008000f30       0x54 build/tim.o
                0x0000000008000f30                HAL_TIM_MspPostInit
 .text.MX_TIM3_Init
                0x0000000008000f84       0xd0 build/tim.o
                0x0000000008000f84                MX_TIM3_Init
 .text.MX_USART1_UART_Init
                0x0000000008001054       0x40 build/usart.o
                0x0000000008001054                MX_USART1_UART_Init
 .text.HAL_UART_MspInit
                0x0000000008001094       0x94 build/usart.o
                0x0000000008001094                HAL_UART_MspInit
 .text.ExampleTask
                0x0000000008001128       0x8c build/example.o
 .text.exampleInit
                0x00000000080011b4       0x48 build/example.o
                0x00000000080011b4                exampleInit
 .text.MOTOR_FullSpeed
                0x00000000080011fc       0x10 build/driver_motor.o
                0x00000000080011fc                MOTOR_FullSpeed
 .text.MOTOR_HalfSpeed
                0x000000000800120c       0x10 build/driver_motor.o
                0x000000000800120c                MOTOR_HalfSpeed
 .text.MOTOR_Off
                0x000000000800121c       0x10 build/driver_motor.o
                0x000000000800121c                MOTOR_Off
 .text.MOTOR_Init
                0x000000000800122c       0x18 build/driver_motor.o
                0x000000000800122c                MOTOR_Init
 .text.UART_TransmitTask
                0x0000000008001244       0x40 build/driver_console.o
 .text.HAL_UART_TxCpltCallback
                0x0000000008001284       0x48 build/driver_console.o
                0x0000000008001284                HAL_UART_TxCpltCallback
 .text.UART_AsyncTransmitTemperature
                0x00000000080012cc       0xa4 build/driver_console.o
                0x00000000080012cc                UART_AsyncTransmitTemperature
 .text.UART_Init
                0x0000000008001370       0x44 build/driver_console.o
                0x0000000008001370                UART_Init
 .text.LCD_Write
                0x00000000080013b4       0x28 build/driver_lcd.o
 .text.LCD_CommandInit
                0x00000000080013dc       0x24 build/driver_lcd.o
 .text.LCD_Task
                0x0000000008001400       0x60 build/driver_lcd.o
 .text.LCD_CommandEnqueue
                0x0000000008001460       0x28 build/driver_lcd.o
                0x0000000008001460                LCD_CommandEnqueue
 .text.LCD_ShowTemperature
                0x0000000008001488       0x98 build/driver_lcd.o
                0x0000000008001488                LCD_ShowTemperature
 .text.LCD_Init
                0x0000000008001520       0x44 build/driver_lcd.o
                0x0000000008001520                LCD_Init
 .text.TEMP_Task
                0x0000000008001564       0x94 build/driver_temp.o
 .text.HAL_ADC_ConvCpltCallback
                0x00000000080015f8       0x48 build/driver_temp.o
                0x00000000080015f8                HAL_ADC_ConvCpltCallback
 .text.TEMP_GetCurrentValue
                0x0000000008001640       0x28 build/driver_temp.o
                0x0000000008001640                TEMP_GetCurrentValue
 .text.TEMP_Init
                0x0000000008001668       0x44 build/driver_temp.o
                0x0000000008001668                TEMP_Init
 .text.NMI_Handler
                0x00000000080016ac        0x2 build/stm32f1xx_it.o
                0x00000000080016ac                NMI_Handler
 .text.HardFault_Handler
                0x00000000080016ae        0x2 build/stm32f1xx_it.o
                0x00000000080016ae                HardFault_Handler
 .text.MemManage_Handler
                0x00000000080016b0        0x2 build/stm32f1xx_it.o
                0x00000000080016b0                MemManage_Handler
 .text.BusFault_Handler
                0x00000000080016b2        0x2 build/stm32f1xx_it.o
                0x00000000080016b2                BusFault_Handler
 .text.UsageFault_Handler
                0x00000000080016b4        0x2 build/stm32f1xx_it.o
                0x00000000080016b4                UsageFault_Handler
 .text.DebugMon_Handler
                0x00000000080016b6        0x2 build/stm32f1xx_it.o
                0x00000000080016b6                DebugMon_Handler
 .text.ADC1_2_IRQHandler
                0x00000000080016b8       0x14 build/stm32f1xx_it.o
                0x00000000080016b8                ADC1_2_IRQHandler
 .text.TIM1_UP_IRQHandler
                0x00000000080016cc       0x14 build/stm32f1xx_it.o
                0x00000000080016cc                TIM1_UP_IRQHandler
 .text.TIM3_IRQHandler
                0x00000000080016e0       0x14 build/stm32f1xx_it.o
                0x00000000080016e0                TIM3_IRQHandler
 .text.USART1_IRQHandler
                0x00000000080016f4       0x14 build/stm32f1xx_it.o
                0x00000000080016f4                USART1_IRQHandler
 .text.HAL_MspInit
                0x0000000008001708       0x58 build/stm32f1xx_hal_msp.o
                0x0000000008001708                HAL_MspInit
 .text.HAL_InitTick
                0x0000000008001760       0x90 build/stm32f1xx_hal_timebase_tim.o
                0x0000000008001760                HAL_InitTick
 .text.HAL_ADC_GetValue
                0x00000000080017f0        0x6 build/stm32f1xx_hal_adc.o
                0x00000000080017f0                HAL_ADC_GetValue
 .text.HAL_ADC_LevelOutOfWindowCallback
                0x00000000080017f6        0x2 build/stm32f1xx_hal_adc.o
                0x00000000080017f6                HAL_ADC_LevelOutOfWindowCallback
 .text.HAL_ADC_IRQHandler
                0x00000000080017f8      0x118 build/stm32f1xx_hal_adc.o
                0x00000000080017f8                HAL_ADC_IRQHandler
 .text.HAL_ADC_ConfigChannel
                0x0000000008001910      0x144 build/stm32f1xx_hal_adc.o
                0x0000000008001910                HAL_ADC_ConfigChannel
 .text.ADC_Enable
                0x0000000008001a54       0x8c build/stm32f1xx_hal_adc.o
                0x0000000008001a54                ADC_Enable
 .text.HAL_ADC_Start_IT
                0x0000000008001ae0       0xf4 build/stm32f1xx_hal_adc.o
                0x0000000008001ae0                HAL_ADC_Start_IT
 .text.ADC_ConversionStop_Disable
                0x0000000008001bd4       0x5c build/stm32f1xx_hal_adc.o
                0x0000000008001bd4                ADC_ConversionStop_Disable
 .text.HAL_ADC_Init
                0x0000000008001c30      0x110 build/stm32f1xx_hal_adc.o
                0x0000000008001c30                HAL_ADC_Init
 .text.HAL_ADCEx_InjectedConvCpltCallback
                0x0000000008001d40        0x2 build/stm32f1xx_hal_adc_ex.o
                0x0000000008001d40                HAL_ADCEx_InjectedConvCpltCallback
 *fill*         0x0000000008001d42        0x2 
 .text.HAL_Init
                0x0000000008001d44       0x30 build/stm32f1xx_hal.o
                0x0000000008001d44                HAL_Init
 .text.HAL_IncTick
                0x0000000008001d74       0x18 build/stm32f1xx_hal.o
                0x0000000008001d74                HAL_IncTick
 .text.HAL_GetTick
                0x0000000008001d8c        0xc build/stm32f1xx_hal.o
                0x0000000008001d8c                HAL_GetTick
 .text.RCC_Delay
                0x0000000008001d98       0x2c build/stm32f1xx_hal_rcc.o
 .text.HAL_RCC_OscConfig
                0x0000000008001dc4      0x420 build/stm32f1xx_hal_rcc.o
                0x0000000008001dc4                HAL_RCC_OscConfig
 .text.HAL_RCC_GetSysClockFreq
                0x00000000080021e4       0x6c build/stm32f1xx_hal_rcc.o
                0x00000000080021e4                HAL_RCC_GetSysClockFreq
 .text.HAL_RCC_ClockConfig
                0x0000000008002250      0x178 build/stm32f1xx_hal_rcc.o
                0x0000000008002250                HAL_RCC_ClockConfig
 .text.HAL_RCC_GetHCLKFreq
                0x00000000080023c8        0xc build/stm32f1xx_hal_rcc.o
                0x00000000080023c8                HAL_RCC_GetHCLKFreq
 .text.HAL_RCC_GetPCLK1Freq
                0x00000000080023d4       0x24 build/stm32f1xx_hal_rcc.o
                0x00000000080023d4                HAL_RCC_GetPCLK1Freq
 .text.HAL_RCC_GetPCLK2Freq
                0x00000000080023f8       0x24 build/stm32f1xx_hal_rcc.o
                0x00000000080023f8                HAL_RCC_GetPCLK2Freq
 .text.HAL_RCC_GetClockConfig
                0x000000000800241c       0x3c build/stm32f1xx_hal_rcc.o
                0x000000000800241c                HAL_RCC_GetClockConfig
 .text.HAL_RCCEx_PeriphCLKConfig
                0x0000000008002458      0x11c build/stm32f1xx_hal_rcc_ex.o
                0x0000000008002458                HAL_RCCEx_PeriphCLKConfig
 .text.HAL_GPIO_Init
                0x0000000008002574      0x220 build/stm32f1xx_hal_gpio.o
                0x0000000008002574                HAL_GPIO_Init
 .text.HAL_GPIO_WritePin
                0x0000000008002794        0xc build/stm32f1xx_hal_gpio.o
                0x0000000008002794                HAL_GPIO_WritePin
 .text.HAL_DMA_Abort
                0x00000000080027a0       0x44 build/stm32f1xx_hal_dma.o
                0x00000000080027a0                HAL_DMA_Abort
 .text.HAL_DMA_Abort_IT
                0x00000000080027e4       0x98 build/stm32f1xx_hal_dma.o
                0x00000000080027e4                HAL_DMA_Abort_IT
 .text.HAL_NVIC_SetPriorityGrouping
                0x000000000800287c       0x24 build/stm32f1xx_hal_cortex.o
                0x000000000800287c                HAL_NVIC_SetPriorityGrouping
 .text.HAL_NVIC_SetPriority
                0x00000000080028a0       0x70 build/stm32f1xx_hal_cortex.o
                0x00000000080028a0                HAL_NVIC_SetPriority
 .text.HAL_NVIC_EnableIRQ
                0x0000000008002910       0x1c build/stm32f1xx_hal_cortex.o
                0x0000000008002910                HAL_NVIC_EnableIRQ
 .text.TIM_OC1_SetConfig
                0x000000000800292c       0x5c build/stm32f1xx_hal_tim.o
 .text.TIM_OC3_SetConfig
                0x0000000008002988       0x64 build/stm32f1xx_hal_tim.o
 .text.TIM_OC4_SetConfig
                0x00000000080029ec       0x48 build/stm32f1xx_hal_tim.o
 .text.TIM_TI1_ConfigInputStage
                0x0000000008002a34       0x24 build/stm32f1xx_hal_tim.o
 .text.TIM_TI2_ConfigInputStage
                0x0000000008002a58       0x26 build/stm32f1xx_hal_tim.o
 .text.TIM_ITRx_SetConfig
                0x0000000008002a7e       0x10 build/stm32f1xx_hal_tim.o
 *fill*         0x0000000008002a8e        0x2 
 .text.HAL_TIM_Base_Start_IT
                0x0000000008002a90       0x60 build/stm32f1xx_hal_tim.o
                0x0000000008002a90                HAL_TIM_Base_Start_IT
 .text.HAL_TIM_PWM_MspInit
                0x0000000008002af0        0x2 build/stm32f1xx_hal_tim.o
                0x0000000008002af0                HAL_TIM_PWM_MspInit
 .text.HAL_TIM_OC_DelayElapsedCallback
                0x0000000008002af2        0x2 build/stm32f1xx_hal_tim.o
                0x0000000008002af2                HAL_TIM_OC_DelayElapsedCallback
 .text.HAL_TIM_IC_CaptureCallback
                0x0000000008002af4        0x2 build/stm32f1xx_hal_tim.o
                0x0000000008002af4                HAL_TIM_IC_CaptureCallback
 .text.HAL_TIM_PWM_PulseFinishedCallback
                0x0000000008002af6        0x2 build/stm32f1xx_hal_tim.o
                0x0000000008002af6                HAL_TIM_PWM_PulseFinishedCallback
 .text.HAL_TIM_TriggerCallback
                0x0000000008002af8        0x2 build/stm32f1xx_hal_tim.o
                0x0000000008002af8                HAL_TIM_TriggerCallback
 *fill*         0x0000000008002afa        0x2 
 .text.HAL_TIM_IRQHandler
                0x0000000008002afc      0x198 build/stm32f1xx_hal_tim.o
                0x0000000008002afc                HAL_TIM_IRQHandler
 .text.TIM_Base_SetConfig
                0x0000000008002c94       0x64 build/stm32f1xx_hal_tim.o
                0x0000000008002c94                TIM_Base_SetConfig
 .text.HAL_TIM_Base_Init
                0x0000000008002cf8       0x60 build/stm32f1xx_hal_tim.o
                0x0000000008002cf8                HAL_TIM_Base_Init
 .text.HAL_TIM_PWM_Init
                0x0000000008002d58       0x60 build/stm32f1xx_hal_tim.o
                0x0000000008002d58                HAL_TIM_PWM_Init
 .text.TIM_OC2_SetConfig
                0x0000000008002db8       0x64 build/stm32f1xx_hal_tim.o
                0x0000000008002db8                TIM_OC2_SetConfig
 .text.HAL_TIM_PWM_ConfigChannel
                0x0000000008002e1c       0xe0 build/stm32f1xx_hal_tim.o
                0x0000000008002e1c                HAL_TIM_PWM_ConfigChannel
 .text.TIM_ETR_SetConfig
                0x0000000008002efc       0x18 build/stm32f1xx_hal_tim.o
                0x0000000008002efc                TIM_ETR_SetConfig
 .text.HAL_TIM_ConfigClockSource
                0x0000000008002f14       0xec build/stm32f1xx_hal_tim.o
                0x0000000008002f14                HAL_TIM_ConfigClockSource
 .text.TIM_CCxChannelCmd
                0x0000000008003000       0x1e build/stm32f1xx_hal_tim.o
                0x0000000008003000                TIM_CCxChannelCmd
 *fill*         0x000000000800301e        0x2 
 .text.HAL_TIM_PWM_Start_IT
                0x0000000008003020      0x11c build/stm32f1xx_hal_tim.o
                0x0000000008003020                HAL_TIM_PWM_Start_IT
 .text.HAL_TIMEx_MasterConfigSynchronization
                0x000000000800313c       0x64 build/stm32f1xx_hal_tim_ex.o
                0x000000000800313c                HAL_TIMEx_MasterConfigSynchronization
 .text.HAL_TIMEx_CommutCallback
                0x00000000080031a0        0x2 build/stm32f1xx_hal_tim_ex.o
                0x00000000080031a0                HAL_TIMEx_CommutCallback
 .text.HAL_TIMEx_BreakCallback
                0x00000000080031a2        0x2 build/stm32f1xx_hal_tim_ex.o
                0x00000000080031a2                HAL_TIMEx_BreakCallback
 .text.UART_EndRxTransfer
                0x00000000080031a4       0x32 build/stm32f1xx_hal_uart.o
 .text.UART_Transmit_IT
                0x00000000080031d6       0x60 build/stm32f1xx_hal_uart.o
 *fill*         0x0000000008003236        0x2 
 .text.UART_SetConfig
                0x0000000008003238       0x9c build/stm32f1xx_hal_uart.o
 .text.HAL_UART_Init
                0x00000000080032d4       0x68 build/stm32f1xx_hal_uart.o
                0x00000000080032d4                HAL_UART_Init
 .text.HAL_UART_Transmit_IT
                0x000000000800333c       0x4e build/stm32f1xx_hal_uart.o
                0x000000000800333c                HAL_UART_Transmit_IT
 *fill*         0x000000000800338a        0x2 
 .text.UART_EndTransmit_IT
                0x000000000800338c       0x20 build/stm32f1xx_hal_uart.o
 .text.HAL_UART_RxCpltCallback
                0x00000000080033ac        0x2 build/stm32f1xx_hal_uart.o
                0x00000000080033ac                HAL_UART_RxCpltCallback
 .text.HAL_UART_ErrorCallback
                0x00000000080033ae        0x2 build/stm32f1xx_hal_uart.o
                0x00000000080033ae                HAL_UART_ErrorCallback
 .text.UART_DMAAbortOnError
                0x00000000080033b0       0x14 build/stm32f1xx_hal_uart.o
 .text.HAL_UARTEx_RxEventCallback
                0x00000000080033c4        0x2 build/stm32f1xx_hal_uart.o
                0x00000000080033c4                HAL_UARTEx_RxEventCallback
 *fill*         0x00000000080033c6        0x2 
 .text.UART_Receive_IT
                0x00000000080033c8       0xdc build/stm32f1xx_hal_uart.o
 .text.HAL_UART_IRQHandler
                0x00000000080034a4      0x224 build/stm32f1xx_hal_uart.o
                0x00000000080034a4                HAL_UART_IRQHandler
 .text.SystemInit
                0x00000000080036c8        0x2 build/system_stm32f1xx.o
                0x00000000080036c8                SystemInit
 .text.vListInitialise
                0x00000000080036ca       0x16 build/list.o
                0x00000000080036ca                vListInitialise
 .text.vListInitialiseItem
                0x00000000080036e0        0x6 build/list.o
                0x00000000080036e0                vListInitialiseItem
 .text.vListInsertEnd
                0x00000000080036e6       0x16 build/list.o
                0x00000000080036e6                vListInsertEnd
 .text.vListInsert
                0x00000000080036fc       0x32 build/list.o
                0x00000000080036fc                vListInsert
 .text.uxListRemove
                0x000000000800372e       0x26 build/list.o
                0x000000000800372e                uxListRemove
 .text.prvIsQueueFull
                0x0000000008003754       0x28 build/queue.o
 .text.prvIsQueueEmpty
                0x000000000800377c       0x24 build/queue.o
 .text.prvCopyDataToQueue
                0x00000000080037a0       0x80 build/queue.o
 .text.prvCopyDataFromQueue
                0x0000000008003820       0x28 build/queue.o
 .text.prvUnlockQueue
                0x0000000008003848       0x80 build/queue.o
 .text.xQueueGenericReset
                0x00000000080038c8       0x94 build/queue.o
                0x00000000080038c8                xQueueGenericReset
 .text.prvInitialiseNewQueue
                0x000000000800395c       0x28 build/queue.o
 .text.xQueueGenericCreateStatic
                0x0000000008003984       0x98 build/queue.o
                0x0000000008003984                xQueueGenericCreateStatic
 .text.xQueueGenericCreate
                0x0000000008003a1c       0x58 build/queue.o
                0x0000000008003a1c                xQueueGenericCreate
 .text.xQueueGenericSend
                0x0000000008003a74      0x1b8 build/queue.o
                0x0000000008003a74                xQueueGenericSend
 .text.xQueueGenericSendFromISR
                0x0000000008003c2c       0xd8 build/queue.o
                0x0000000008003c2c                xQueueGenericSendFromISR
 .text.xQueueReceive
                0x0000000008003d04      0x190 build/queue.o
                0x0000000008003d04                xQueueReceive
 .text.xQueuePeek
                0x0000000008003e94      0x190 build/queue.o
                0x0000000008003e94                xQueuePeek
 .text.vQueueAddToRegistry
                0x0000000008004024       0x28 build/queue.o
                0x0000000008004024                vQueueAddToRegistry
 .text.vQueueWaitForMessageRestricted
                0x000000000800404c       0x64 build/queue.o
                0x000000000800404c                vQueueWaitForMessageRestricted
 .text.prvResetNextTaskUnblockTime
                0x00000000080040b0       0x2c build/tasks.o
 .text.prvInitialiseNewTask
                0x00000000080040dc       0xa8 build/tasks.o
 .text.prvInitialiseTaskLists
                0x0000000008004184       0x64 build/tasks.o
 .text.prvAddNewTaskToReadyList
                0x00000000080041e8       0xbc build/tasks.o
 .text.prvDeleteTCB
                0x00000000080042a4       0x3c build/tasks.o
 .text.prvCheckTasksWaitingTermination
                0x00000000080042e0       0x5c build/tasks.o
 .text.prvIdleTask
                0x000000000800433c       0x2c build/tasks.o
 .text.prvAddCurrentTaskToDelayedList
                0x0000000008004368       0x88 build/tasks.o
 .text.xTaskCreateStatic
                0x00000000080043f0       0x7c build/tasks.o
                0x00000000080043f0                xTaskCreateStatic
 .text.xTaskCreate
                0x000000000800446c       0x78 build/tasks.o
                0x000000000800446c                xTaskCreate
 .text.vTaskStartScheduler
                0x00000000080044e4       0xac build/tasks.o
                0x00000000080044e4                vTaskStartScheduler
 .text.vTaskSuspendAll
                0x0000000008004590       0x10 build/tasks.o
                0x0000000008004590                vTaskSuspendAll
 .text.xTaskGetTickCount
                0x00000000080045a0        0xc build/tasks.o
                0x00000000080045a0                xTaskGetTickCount
 .text.xTaskIncrementTick
                0x00000000080045ac      0x124 build/tasks.o
                0x00000000080045ac                xTaskIncrementTick
 .text.xTaskResumeAll
                0x00000000080046d0      0x10c build/tasks.o
                0x00000000080046d0                xTaskResumeAll
 .text.vTaskDelay
                0x00000000080047dc       0x58 build/tasks.o
                0x00000000080047dc                vTaskDelay
 .text.vTaskSwitchContext
                0x0000000008004834       0x94 build/tasks.o
                0x0000000008004834                vTaskSwitchContext
 .text.vTaskPlaceOnEventList
                0x00000000080048c8       0x38 build/tasks.o
                0x00000000080048c8                vTaskPlaceOnEventList
 .text.vTaskPlaceOnEventListRestricted
                0x0000000008004900       0x40 build/tasks.o
                0x0000000008004900                vTaskPlaceOnEventListRestricted
 .text.xTaskRemoveFromEventList
                0x0000000008004940       0x94 build/tasks.o
                0x0000000008004940                xTaskRemoveFromEventList
 .text.vTaskInternalSetTimeOutState
                0x00000000080049d4       0x18 build/tasks.o
                0x00000000080049d4                vTaskInternalSetTimeOutState
 .text.xTaskCheckForTimeOut
                0x00000000080049ec       0x90 build/tasks.o
                0x00000000080049ec                xTaskCheckForTimeOut
 .text.vTaskMissedYield
                0x0000000008004a7c        0xc build/tasks.o
                0x0000000008004a7c                vTaskMissedYield
 .text.xTaskGetSchedulerState
                0x0000000008004a88       0x20 build/tasks.o
                0x0000000008004a88                xTaskGetSchedulerState
 .text.xTaskPriorityDisinherit
                0x0000000008004aa8       0x98 build/tasks.o
                0x0000000008004aa8                xTaskPriorityDisinherit
 .text.ulTaskNotifyTake
                0x0000000008004b40       0x84 build/tasks.o
                0x0000000008004b40                ulTaskNotifyTake
 .text.vTaskNotifyGiveFromISR
                0x0000000008004bc4       0xdc build/tasks.o
                0x0000000008004bc4                vTaskNotifyGiveFromISR
 .text.prvGetNextExpireTime
                0x0000000008004ca0       0x20 build/timers.o
 .text.prvInsertTimerInActiveList
                0x0000000008004cc0       0x4c build/timers.o
 .text.prvCheckForValidListAndQueue
                0x0000000008004d0c       0x80 build/timers.o
 .text.xTimerCreateTimerTask
                0x0000000008004d8c       0x70 build/timers.o
                0x0000000008004d8c                xTimerCreateTimerTask
 .text.xTimerGenericCommand
                0x0000000008004dfc       0x78 build/timers.o
                0x0000000008004dfc                xTimerGenericCommand
 .text.prvSwitchTimerLists
                0x0000000008004e74       0x88 build/timers.o
 .text.prvSampleTimeNow
                0x0000000008004efc       0x34 build/timers.o
 .text.prvProcessExpiredTimer
                0x0000000008004f30       0x6c build/timers.o
 .text.prvProcessTimerOrBlockTask
                0x0000000008004f9c       0x88 build/timers.o
 .text.prvProcessReceivedCommands
                0x0000000008005024      0x110 build/timers.o
 .text.prvTimerTask
                0x0000000008005134       0x24 build/timers.o
 .text.osKernelInitialize
                0x0000000008005158       0x44 build/cmsis_os2.o
                0x0000000008005158                osKernelInitialize
 .text.osKernelStart
                0x000000000800519c       0x50 build/cmsis_os2.o
                0x000000000800519c                osKernelStart
 .text.osThreadNew
                0x00000000080051ec       0xf4 build/cmsis_os2.o
                0x00000000080051ec                osThreadNew
 .text.osDelay  0x00000000080052e0       0x48 build/cmsis_os2.o
                0x00000000080052e0                osDelay
 .text.vApplicationGetIdleTaskMemory
                0x0000000008005328       0x18 build/cmsis_os2.o
                0x0000000008005328                vApplicationGetIdleTaskMemory
 .text.vApplicationGetTimerTaskMemory
                0x0000000008005340       0x18 build/cmsis_os2.o
                0x0000000008005340                vApplicationGetTimerTaskMemory
 .text.prvHeapInit
                0x0000000008005358       0x64 build/heap_4.o
 .text.prvInsertBlockIntoFreeList
                0x00000000080053bc       0x60 build/heap_4.o
 .text.pvPortMalloc
                0x000000000800541c      0x100 build/heap_4.o
                0x000000000800541c                pvPortMalloc
 .text.vPortFree
                0x000000000800551c       0x7c build/heap_4.o
                0x000000000800551c                vPortFree
 .text.prvTaskExitError
                0x0000000008005598       0x40 build/port.o
 .text.prvPortStartFirstTask
                0x00000000080055d8       0x20 build/port.o
 .text.pxPortInitialiseStack
                0x00000000080055f8       0x24 build/port.o
                0x00000000080055f8                pxPortInitialiseStack
 *fill*         0x000000000800561c        0x4 
 .text.SVC_Handler
                0x0000000008005620       0x24 build/port.o
                0x0000000008005620                SVC_Handler
 .text.vPortEnterCritical
                0x0000000008005644       0x44 build/port.o
                0x0000000008005644                vPortEnterCritical
 .text.vPortExitCritical
                0x0000000008005688       0x2c build/port.o
                0x0000000008005688                vPortExitCritical
 *fill*         0x00000000080056b4        0xc 
 .text.PendSV_Handler
                0x00000000080056c0       0x44 build/port.o
                0x00000000080056c0                PendSV_Handler
 .text.SysTick_Handler
                0x0000000008005704       0x30 build/port.o
                0x0000000008005704                SysTick_Handler
 .text.vPortSetupTimerInterrupt
                0x0000000008005734       0x28 build/port.o
                0x0000000008005734                vPortSetupTimerInterrupt
 .text.xPortStartScheduler
                0x000000000800575c       0xb8 build/port.o
                0x000000000800575c                xPortStartScheduler
 .text.vPortValidateInterruptPriority
                0x0000000008005814       0x5c build/port.o
                0x0000000008005814                vPortValidateInterruptPriority
 .text.Reset_Handler
                0x0000000008005870       0x48 build/startup_stm32f103x6_init.o
                0x0000000008005870                Reset_Handler
 .text.Default_Handler
                0x00000000080058b8        0x2 build/startup_stm32f103x6_init.o
                0x00000000080058b8                RTC_Alarm_IRQHandler
                0x00000000080058b8                EXTI2_IRQHandler
                0x00000000080058b8                TIM1_CC_IRQHandler
                0x00000000080058b8                PVD_IRQHandler
                0x00000000080058b8                EXTI3_IRQHandler
                0x00000000080058b8                EXTI0_IRQHandler
                0x00000000080058b8                SPI1_IRQHandler
                0x00000000080058b8                TAMPER_IRQHandler
                0x00000000080058b8                DMA1_Channel4_IRQHandler
                0x00000000080058b8                RTC_IRQHandler
                0x00000000080058b8                DMA1_Channel7_IRQHandler
                0x00000000080058b8                CAN1_RX1_IRQHandler
                0x00000000080058b8                I2C1_EV_IRQHandler
                0x00000000080058b8                DMA1_Channel6_IRQHandler
                0x00000000080058b8                RCC_IRQHandler
                0x00000000080058b8                TIM1_TRG_COM_IRQHandler
                0x00000000080058b8                DMA1_Channel1_IRQHandler
                0x00000000080058b8                Default_Handler
                0x00000000080058b8                EXTI15_10_IRQHandler
                0x00000000080058b8                EXTI9_5_IRQHandler
                0x00000000080058b8                DMA1_Channel5_IRQHandler
                0x00000000080058b8                EXTI4_IRQHandler
                0x00000000080058b8                USB_LP_CAN1_RX0_IRQHandler
                0x00000000080058b8                USB_HP_CAN1_TX_IRQHandler
                0x00000000080058b8                DMA1_Channel3_IRQHandler
                0x00000000080058b8                WWDG_IRQHandler
                0x00000000080058b8                TIM2_IRQHandler
                0x00000000080058b8                TIM1_BRK_IRQHandler
                0x00000000080058b8                EXTI1_IRQHandler
                0x00000000080058b8                USART2_IRQHandler
                0x00000000080058b8                DMA1_Channel2_IRQHandler
                0x00000000080058b8                CAN1_SCE_IRQHandler
                0x00000000080058b8                FLASH_IRQHandler
                0x00000000080058b8                I2C1_ER_IRQHandler
                0x00000000080058b8                USBWakeUp_IRQHandler
 *fill*         0x00000000080058ba        0x2 
 .text.__libc_init_array
                0x00000000080058bc       0x48 c:/users/test/desktop/gnu mcu/arm-none-eabi-gcc-10.2.1-1.1/bin/../lib/gcc/arm-none-eabi/10.2.1/../../../../arm-none-eabi/lib/thumb/v7-m/nofp\libc_nano.a(lib_a-init.o)
                0x00000000080058bc                __libc_init_array
 .text.memcpy   0x0000000008005904       0x1c c:/users/test/desktop/gnu mcu/arm-none-eabi-gcc-10.2.1-1.1/bin/../lib/gcc/arm-none-eabi/10.2.1/../../../../arm-none-eabi/lib/thumb/v7-m/nofp\libc_nano.a(lib_a-memcpy-stub.o)
                0x0000000008005904                memcpy
 .text.memset   0x0000000008005920       0x10 c:/users/test/desktop/gnu mcu/arm-none-eabi-gcc-10.2.1-1.1/bin/../lib/gcc/arm-none-eabi/10.2.1/../../../../arm-none-eabi/lib/thumb/v7-m/nofp\libc_nano.a(lib_a-memset.o)
                0x0000000008005920                memset
 *(.glue_7)
 .glue_7        0x0000000008005930        0x0 linker stubs
 *(.glue_7t)
 .glue_7t       0x0000000008005930        0x0 linker stubs
 *(.eh_frame)
 .eh_frame      0x0000000008005930        0x0 c:/users/test/desktop/gnu mcu/arm-none-eabi-gcc-10.2.1-1.1/bin/../lib/gcc/arm-none-eabi/10.2.1/thumb/v7-m/nofp/crtbegin.o
 *(.init)
 .init          0x0000000008005930        0x4 c:/users/test/desktop/gnu mcu/arm-none-eabi-gcc-10.2.1-1.1/bin/../lib/gcc/arm-none-eabi/10.2.1/thumb/v7-m/nofp/crti.o
                0x0000000008005930                _init
 .init          0x0000000008005934        0x8 c:/users/test/desktop/gnu mcu/arm-none-eabi-gcc-10.2.1-1.1/bin/../lib/gcc/arm-none-eabi/10.2.1/thumb/v7-m/nofp/crtn.o
 *(.fini)
 .fini          0x000000000800593c        0x4 c:/users/test/desktop/gnu mcu/arm-none-eabi-gcc-10.2.1-1.1/bin/../lib/gcc/arm-none-eabi/10.2.1/thumb/v7-m/nofp/crti.o
                0x000000000800593c                _fini
 .fini          0x0000000008005940        0x8 c:/users/test/desktop/gnu mcu/arm-none-eabi-gcc-10.2.1-1.1/bin/../lib/gcc/arm-none-eabi/10.2.1/thumb/v7-m/nofp/crtn.o
                0x0000000008005948                . = ALIGN (0x4)
                0x0000000008005948                _etext = .

.vfp11_veneer   0x0000000008005948        0x0
 .vfp11_veneer  0x0000000008005948        0x0 linker stubs

.v4_bx          0x0000000008005948        0x0
 .v4_bx         0x0000000008005948        0x0 linker stubs

.iplt           0x0000000008005948        0x0
 .iplt          0x0000000008005948        0x0 c:/users/test/desktop/gnu mcu/arm-none-eabi-gcc-10.2.1-1.1/bin/../lib/gcc/arm-none-eabi/10.2.1/thumb/v7-m/nofp/crtbegin.o

.rodata         0x0000000008005948       0xbc
                0x0000000008005948                . = ALIGN (0x4)
 *(.rodata)
 *(.rodata*)
 .rodata.str1.4
                0x0000000008005948        0xc build/freertos.o
 .rodata.defaultTask_attributes
                0x0000000008005954       0x24 build/freertos.o
                0x0000000008005954                defaultTask_attributes
 .rodata.exampleInit.str1.4
                0x0000000008005978        0xc build/example.o
 .rodata.UART_AsyncTransmitTemperature.str1.4
                0x0000000008005984        0xe build/driver_console.o
 *fill*         0x0000000008005992        0x2 
 .rodata.UART_Init.str1.4
                0x0000000008005994       0x12 build/driver_console.o
 .rodata.LCD_ShowTemperature.str1.4
                0x00000000080059a6        0xe build/driver_lcd.o
 *fill*         0x00000000080059a6        0x2 
 .rodata.LCD_Init.str1.4
                0x00000000080059a8        0x9 build/driver_lcd.o
 *fill*         0x00000000080059b1        0x3 
 .rodata.TEMP_Init.str1.4
                0x00000000080059b4        0xa build/driver_temp.o
 *fill*         0x00000000080059be        0x2 
 .rodata.HAL_RCC_GetSysClockFreq.str1.4
                0x00000000080059c0       0x11 build/stm32f1xx_hal_rcc.o
 *fill*         0x00000000080059d1        0x3 
 .rodata.AHBPrescTable
                0x00000000080059d4       0x10 build/system_stm32f1xx.o
                0x00000000080059d4                AHBPrescTable
 .rodata.APBPrescTable
                0x00000000080059e4        0x8 build/system_stm32f1xx.o
                0x00000000080059e4                APBPrescTable
 .rodata.vTaskStartScheduler.str1.4
                0x00000000080059ec        0x5 build/tasks.o
 *fill*         0x00000000080059f1        0x3 
 .rodata.prvCheckForValidListAndQueue.str1.4
                0x00000000080059f4        0x5 build/timers.o
 *fill*         0x00000000080059f9        0x3 
 .rodata.xTimerCreateTimerTask.str1.4
                0x00000000080059fc        0x8 build/timers.o
                0x0000000008005a04                . = ALIGN (0x4)

.rel.dyn        0x0000000008005a04        0x0
 .rel.iplt      0x0000000008005a04        0x0 c:/users/test/desktop/gnu mcu/arm-none-eabi-gcc-10.2.1-1.1/bin/../lib/gcc/arm-none-eabi/10.2.1/thumb/v7-m/nofp/crtbegin.o

.ARM.extab
 *(.ARM.extab* .gnu.linkonce.armextab.*)

.ARM            0x0000000008005a04        0x0
                0x0000000008005a04                __exidx_start = .
 *(.ARM.exidx*)
                0x0000000008005a04                __exidx_end = .

.preinit_array  0x0000000008005a04        0x0
                0x0000000008005a04                PROVIDE (__preinit_array_start = .)
 *(.preinit_array*)
                0x0000000008005a04                PROVIDE (__preinit_array_end = .)

.init_array     0x0000000008005a04        0x4
                0x0000000008005a04                PROVIDE (__init_array_start = .)
 *(SORT_BY_NAME(.init_array.*))
 *(.init_array*)
 .init_array    0x0000000008005a04        0x4 c:/users/test/desktop/gnu mcu/arm-none-eabi-gcc-10.2.1-1.1/bin/../lib/gcc/arm-none-eabi/10.2.1/thumb/v7-m/nofp/crtbegin.o
                0x0000000008005a08                PROVIDE (__init_array_end = .)

.fini_array     0x0000000008005a08        0x4
                [!provide]                        PROVIDE (__fini_array_start = .)
 *(SORT_BY_NAME(.fini_array.*))
 *(.fini_array*)
 .fini_array    0x0000000008005a08        0x4 c:/users/test/desktop/gnu mcu/arm-none-eabi-gcc-10.2.1-1.1/bin/../lib/gcc/arm-none-eabi/10.2.1/thumb/v7-m/nofp/crtbegin.o
                [!provide]                        PROVIDE (__fini_array_end = .)
                0x0000000008005a0c                _sidata = LOADADDR (.data)

.data           0x0000000020000000       0x10 load address 0x0000000008005a0c
                0x0000000020000000                . = ALIGN (0x4)
                0x0000000020000000                _sdata = .
 *(.data)
 *(.data*)
 .data.uwTickFreq
                0x0000000020000000        0x1 build/stm32f1xx_hal.o
                0x0000000020000000                uwTickFreq
 *fill*         0x0000000020000001        0x3 
 .data.uwTickPrio
                0x0000000020000004        0x4 build/stm32f1xx_hal.o
                0x0000000020000004                uwTickPrio
 .data.SystemCoreClock
                0x0000000020000008        0x4 build/system_stm32f1xx.o
                0x0000000020000008                SystemCoreClock
 .data.uxCriticalNesting
                0x000000002000000c        0x4 build/port.o
                0x0000000020000010                . = ALIGN (0x4)
                0x0000000020000010                _edata = .

.igot.plt       0x0000000020000010        0x0 load address 0x0000000008005a1c
 .igot.plt      0x0000000020000010        0x0 c:/users/test/desktop/gnu mcu/arm-none-eabi-gcc-10.2.1-1.1/bin/../lib/gcc/arm-none-eabi/10.2.1/thumb/v7-m/nofp/crtbegin.o
                0x0000000020000010                . = ALIGN (0x4)

.bss            0x0000000020000010     0x1a88 load address 0x0000000008005a1c
                0x0000000020000010                _sbss = .
                0x0000000020000010                __bss_start__ = _sbss
 *(.bss)
 *(.bss*)
 .bss.completed.1
                0x0000000020000010        0x1 c:/users/test/desktop/gnu mcu/arm-none-eabi-gcc-10.2.1-1.1/bin/../lib/gcc/arm-none-eabi/10.2.1/thumb/v7-m/nofp/crtbegin.o
 *fill*         0x0000000020000011        0x3 
 .bss.object.0  0x0000000020000014       0x18 c:/users/test/desktop/gnu mcu/arm-none-eabi-gcc-10.2.1-1.1/bin/../lib/gcc/arm-none-eabi/10.2.1/thumb/v7-m/nofp/crtbegin.o
 .bss.defaultTaskHandle
                0x000000002000002c        0x4 build/freertos.o
                0x000000002000002c                defaultTaskHandle
 .bss.hadc1     0x0000000020000030       0x30 build/adc.o
                0x0000000020000030                hadc1
 .bss.htim3     0x0000000020000060       0x48 build/tim.o
                0x0000000020000060                htim3
 .bss.huart1    0x00000000200000a8       0x44 build/usart.o
                0x00000000200000a8                huart1
 .bss.TransmitTaskHandle
                0x00000000200000ec        0x4 build/driver_console.o
 .bss.UART_TransmitQueueHandle
                0x00000000200000f0        0x4 build/driver_console.o
 .bss.LCD_QueueHandle
                0x00000000200000f4        0x4 build/driver_lcd.o
                0x00000000200000f4                LCD_QueueHandle
 .bss.LCD_TaskHandle
                0x00000000200000f8        0x4 build/driver_lcd.o
 .bss.TEMP_MailboxHandle
                0x00000000200000fc        0x4 build/driver_temp.o
 .bss.TEMP_TaskHandle
                0x0000000020000100        0x4 build/driver_temp.o
 .bss.htim1     0x0000000020000104       0x48 build/stm32f1xx_hal_timebase_tim.o
                0x0000000020000104                htim1
 .bss.uwTick    0x000000002000014c        0x4 build/stm32f1xx_hal.o
                0x000000002000014c                uwTick
 .bss.xQueueRegistry
                0x0000000020000150       0x40 build/queue.o
                0x0000000020000150                xQueueRegistry
 .bss.pxCurrentTCB
                0x0000000020000190        0x4 build/tasks.o
                0x0000000020000190                pxCurrentTCB
 .bss.pxDelayedTaskList
                0x0000000020000194        0x4 build/tasks.o
 .bss.pxOverflowDelayedTaskList
                0x0000000020000198        0x4 build/tasks.o
 .bss.pxReadyTasksLists
                0x000000002000019c      0x460 build/tasks.o
 .bss.uxCurrentNumberOfTasks
                0x00000000200005fc        0x4 build/tasks.o
 .bss.uxDeletedTasksWaitingCleanUp
                0x0000000020000600        0x4 build/tasks.o
 .bss.uxPendedTicks
                0x0000000020000604        0x4 build/tasks.o
 .bss.uxSchedulerSuspended
                0x0000000020000608        0x4 build/tasks.o
 .bss.uxTaskNumber
                0x000000002000060c        0x4 build/tasks.o
 .bss.uxTopReadyPriority
                0x0000000020000610        0x4 build/tasks.o
 .bss.xDelayedTaskList1
                0x0000000020000614       0x14 build/tasks.o
 .bss.xDelayedTaskList2
                0x0000000020000628       0x14 build/tasks.o
 .bss.xIdleTaskHandle
                0x000000002000063c        0x4 build/tasks.o
 .bss.xNextTaskUnblockTime
                0x0000000020000640        0x4 build/tasks.o
 .bss.xNumOfOverflows
                0x0000000020000644        0x4 build/tasks.o
 .bss.xPendingReadyList
                0x0000000020000648       0x14 build/tasks.o
 .bss.xSchedulerRunning
                0x000000002000065c        0x4 build/tasks.o
 .bss.xSuspendedTaskList
                0x0000000020000660       0x14 build/tasks.o
 .bss.xTasksWaitingTermination
                0x0000000020000674       0x14 build/tasks.o
 .bss.xTickCount
                0x0000000020000688        0x4 build/tasks.o
 .bss.xYieldPending
                0x000000002000068c        0x4 build/tasks.o
 .bss.pxCurrentTimerList
                0x0000000020000690        0x4 build/timers.o
 .bss.pxOverflowTimerList
                0x0000000020000694        0x4 build/timers.o
 .bss.ucStaticTimerQueueStorage.1
                0x0000000020000698       0xa0 build/timers.o
 .bss.xActiveTimerList1
                0x0000000020000738       0x14 build/timers.o
 .bss.xActiveTimerList2
                0x000000002000074c       0x14 build/timers.o
 .bss.xLastTime.2
                0x0000000020000760        0x4 build/timers.o
 .bss.xStaticTimerQueue.0
                0x0000000020000764       0x50 build/timers.o
 .bss.xTimerQueue
                0x00000000200007b4        0x4 build/timers.o
 .bss.xTimerTaskHandle
                0x00000000200007b8        0x4 build/timers.o
 .bss.Idle_Stack
                0x00000000200007bc      0x200 build/cmsis_os2.o
 .bss.Idle_TCB  0x00000000200009bc       0x5c build/cmsis_os2.o
 .bss.KernelState
                0x0000000020000a18        0x4 build/cmsis_os2.o
 .bss.Timer_Stack
                0x0000000020000a1c      0x400 build/cmsis_os2.o
 .bss.Timer_TCB
                0x0000000020000e1c       0x5c build/cmsis_os2.o
 .bss.pxEnd     0x0000000020000e78        0x4 build/heap_4.o
 .bss.ucHeap    0x0000000020000e7c      0xc00 build/heap_4.o
 .bss.xBlockAllocatedBit
                0x0000000020001a7c        0x4 build/heap_4.o
 .bss.xFreeBytesRemaining
                0x0000000020001a80        0x4 build/heap_4.o
 .bss.xMinimumEverFreeBytesRemaining
                0x0000000020001a84        0x4 build/heap_4.o
 .bss.xStart    0x0000000020001a88        0x8 build/heap_4.o
 .bss.ucMaxSysCallPriority
                0x0000000020001a90        0x1 build/port.o
 *fill*         0x0000000020001a91        0x3 
 .bss.ulMaxPRIGROUPValue
                0x0000000020001a94        0x4 build/port.o
 *(COMMON)
                0x0000000020001a98                . = ALIGN (0x4)
                0x0000000020001a98                _ebss = .
                0x0000000020001a98                __bss_end__ = _ebss

._user_heap_stack
                0x0000000020001a98      0x600 load address 0x0000000008005a1c
                0x0000000020001a98                . = ALIGN (0x8)
                [!provide]                        PROVIDE (end = .)
                [!provide]                        PROVIDE (_end = .)
                0x0000000020001c98                . = (. + _Min_Heap_Size)
 *fill*         0x0000000020001a98      0x200 
                0x0000000020002098                . = (. + _Min_Stack_Size)
 *fill*         0x0000000020001c98      0x400 
                0x0000000020002098                . = ALIGN (0x8)

/DISCARD/
 libc.a(*)
 libm.a(*)
 libgcc.a(*)

.ARM.attributes
                0x0000000000000000       0x29
 *(.ARM.attributes)
 .ARM.attributes
                0x0000000000000000       0x1d c:/users/test/desktop/gnu mcu/arm-none-eabi-gcc-10.2.1-1.1/bin/../lib/gcc/arm-none-eabi/10.2.1/thumb/v7-m/nofp/crti.o
 .ARM.attributes
                0x000000000000001d       0x2d c:/users/test/desktop/gnu mcu/arm-none-eabi-gcc-10.2.1-1.1/bin/../lib/gcc/arm-none-eabi/10.2.1/thumb/v7-m/nofp/crtbegin.o
 .ARM.attributes
                0x000000000000004a       0x2d build/main.o
 .ARM.attributes
                0x0000000000000077       0x2d build/gpio.o
 .ARM.attributes
                0x00000000000000a4       0x2d build/freertos.o
 .ARM.attributes
                0x00000000000000d1       0x2d build/adc.o
 .ARM.attributes
                0x00000000000000fe       0x2d build/tim.o
 .ARM.attributes
                0x000000000000012b       0x2d build/usart.o
 .ARM.attributes
                0x0000000000000158       0x2d build/example.o
 .ARM.attributes
                0x0000000000000185       0x2d build/driver_motor.o
 .ARM.attributes
                0x00000000000001b2       0x2d build/driver_console.o
 .ARM.attributes
                0x00000000000001df       0x2d build/driver_lcd.o
 .ARM.attributes
                0x000000000000020c       0x2d build/driver_temp.o
 .ARM.attributes
                0x0000000000000239       0x2d build/stm32f1xx_it.o
 .ARM.attributes
                0x0000000000000266       0x2d build/stm32f1xx_hal_msp.o
 .ARM.attributes
                0x0000000000000293       0x2d build/stm32f1xx_hal_timebase_tim.o
 .ARM.attributes
                0x00000000000002c0       0x2d build/stm32f1xx_hal_adc.o
 .ARM.attributes
                0x00000000000002ed       0x2d build/stm32f1xx_hal_adc_ex.o
 .ARM.attributes
                0x000000000000031a       0x2d build/stm32f1xx_hal.o
 .ARM.attributes
                0x0000000000000347       0x2d build/stm32f1xx_hal_rcc.o
 .ARM.attributes
                0x0000000000000374       0x2d build/stm32f1xx_hal_rcc_ex.o
 .ARM.attributes
                0x00000000000003a1       0x2d build/stm32f1xx_hal_gpio.o
 .ARM.attributes
                0x00000000000003ce       0x2d build/stm32f1xx_hal_dma.o
 .ARM.attributes
                0x00000000000003fb       0x2d build/stm32f1xx_hal_cortex.o
 .ARM.attributes
                0x0000000000000428       0x2d build/stm32f1xx_hal_tim.o
 .ARM.attributes
                0x0000000000000455       0x2d build/stm32f1xx_hal_tim_ex.o
 .ARM.attributes
                0x0000000000000482       0x2d build/stm32f1xx_hal_uart.o
 .ARM.attributes
                0x00000000000004af       0x2d build/system_stm32f1xx.o
 .ARM.attributes
                0x00000000000004dc       0x2d build/list.o
 .ARM.attributes
                0x0000000000000509       0x2d build/queue.o
 .ARM.attributes
                0x0000000000000536       0x2d build/tasks.o
 .ARM.attributes
                0x0000000000000563       0x2d build/timers.o
 .ARM.attributes
                0x0000000000000590       0x2d build/cmsis_os2.o
 .ARM.attributes
                0x00000000000005bd       0x2d build/heap_4.o
 .ARM.attributes
                0x00000000000005ea       0x2d build/port.o
 .ARM.attributes
                0x0000000000000617       0x21 build/startup_stm32f103x6_init.o
 .ARM.attributes
                0x0000000000000638       0x2d c:/users/test/desktop/gnu mcu/arm-none-eabi-gcc-10.2.1-1.1/bin/../lib/gcc/arm-none-eabi/10.2.1/../../../../arm-none-eabi/lib/thumb/v7-m/nofp\libc_nano.a(lib_a-init.o)
 .ARM.attributes
                0x0000000000000665       0x2d c:/users/test/desktop/gnu mcu/arm-none-eabi-gcc-10.2.1-1.1/bin/../lib/gcc/arm-none-eabi/10.2.1/../../../../arm-none-eabi/lib/thumb/v7-m/nofp\libc_nano.a(lib_a-memcpy-stub.o)
 .ARM.attributes
                0x0000000000000692       0x2d c:/users/test/desktop/gnu mcu/arm-none-eabi-gcc-10.2.1-1.1/bin/../lib/gcc/arm-none-eabi/10.2.1/../../../../arm-none-eabi/lib/thumb/v7-m/nofp\libc_nano.a(lib_a-memset.o)
 .ARM.attributes
                0x00000000000006bf       0x1d c:/users/test/desktop/gnu mcu/arm-none-eabi-gcc-10.2.1-1.1/bin/../lib/gcc/arm-none-eabi/10.2.1/thumb/v7-m/nofp\libgcc.a(_arm_muldf3.o)
 .ARM.attributes
                0x00000000000006dc       0x1d c:/users/test/desktop/gnu mcu/arm-none-eabi-gcc-10.2.1-1.1/bin/../lib/gcc/arm-none-eabi/10.2.1/thumb/v7-m/nofp\libgcc.a(_arm_mulsf3.o)
 .ARM.attributes
                0x00000000000006f9       0x1d c:/users/test/desktop/gnu mcu/arm-none-eabi-gcc-10.2.1-1.1/bin/../lib/gcc/arm-none-eabi/10.2.1/thumb/v7-m/nofp\libgcc.a(_arm_addsubdf3.o)
 .ARM.attributes
                0x0000000000000716       0x1d c:/users/test/desktop/gnu mcu/arm-none-eabi-gcc-10.2.1-1.1/bin/../lib/gcc/arm-none-eabi/10.2.1/thumb/v7-m/nofp\libgcc.a(_arm_truncdfsf2.o)
 .ARM.attributes
                0x0000000000000733       0x1d c:/users/test/desktop/gnu mcu/arm-none-eabi-gcc-10.2.1-1.1/bin/../lib/gcc/arm-none-eabi/10.2.1/thumb/v7-m/nofp\libgcc.a(_arm_addsubsf3.o)
 .ARM.attributes
                0x0000000000000750       0x1d c:/users/test/desktop/gnu mcu/arm-none-eabi-gcc-10.2.1-1.1/bin/../lib/gcc/arm-none-eabi/10.2.1/thumb/v7-m/nofp\libgcc.a(_arm_cmpsf2.o)
 .ARM.attributes
                0x000000000000076d       0x1d c:/users/test/desktop/gnu mcu/arm-none-eabi-gcc-10.2.1-1.1/bin/../lib/gcc/arm-none-eabi/10.2.1/thumb/v7-m/nofp\libgcc.a(_arm_fixunssfsi.o)
 .ARM.attributes
                0x000000000000078a       0x1d c:/users/test/desktop/gnu mcu/arm-none-eabi-gcc-10.2.1-1.1/bin/../lib/gcc/arm-none-eabi/10.2.1/thumb/v7-m/nofp/crtn.o
OUTPUT(build/code.elf elf32-littlearm)
LOAD linker stubs
LOAD c:/users/test/desktop/gnu mcu/arm-none-eabi-gcc-10.2.1-1.1/bin/../lib/gcc/arm-none-eabi/10.2.1/../../../../arm-none-eabi/lib/thumb/v7-m/nofp\libc.a
LOAD c:/users/test/desktop/gnu mcu/arm-none-eabi-gcc-10.2.1-1.1/bin/../lib/gcc/arm-none-eabi/10.2.1/../../../../arm-none-eabi/lib/thumb/v7-m/nofp\libm.a
LOAD c:/users/test/desktop/gnu mcu/arm-none-eabi-gcc-10.2.1-1.1/bin/../lib/gcc/arm-none-eabi/10.2.1/thumb/v7-m/nofp\libgcc.a

.debug_info     0x0000000000000000    0x20cc1
 .debug_info    0x0000000000000000      0xac2 build/main.o
 .debug_info    0x0000000000000ac2      0x30f build/gpio.o
 .debug_info    0x0000000000000dd1      0x379 build/freertos.o
 .debug_info    0x000000000000114a      0xab9 build/adc.o
 .debug_info    0x0000000000001c03      0xd7a build/tim.o
 .debug_info    0x000000000000297d      0xa78 build/usart.o
 .debug_info    0x00000000000033f5      0x283 build/example.o
 .debug_info    0x0000000000003678      0x709 build/driver_motor.o
 .debug_info    0x0000000000003d81      0x90a build/driver_console.o
 .debug_info    0x000000000000468b      0x6f0 build/driver_lcd.o
 .debug_info    0x0000000000004d7b      0x853 build/driver_temp.o
 .debug_info    0x00000000000055ce      0xd02 build/stm32f1xx_it.o
 .debug_info    0x00000000000062d0      0x392 build/stm32f1xx_hal_msp.o
 .debug_info    0x0000000000006662      0xaa6 build/stm32f1xx_hal_timebase_tim.o
 .debug_info    0x0000000000007108     0x1026 build/stm32f1xx_hal_adc.o
 .debug_info    0x000000000000812e      0xd15 build/stm32f1xx_hal_adc_ex.o
 .debug_info    0x0000000000008e43      0x837 build/stm32f1xx_hal.o
 .debug_info    0x000000000000967a      0xaec build/stm32f1xx_hal_rcc.o
 .debug_info    0x000000000000a166      0x479 build/stm32f1xx_hal_rcc_ex.o
 .debug_info    0x000000000000a5df      0x6d7 build/stm32f1xx_hal_gpio.o
 .debug_info    0x000000000000acb6      0x8bb build/stm32f1xx_hal_dma.o
 .debug_info    0x000000000000b571      0xe0f build/stm32f1xx_hal_cortex.o
 .debug_info    0x000000000000c380     0x3e12 build/stm32f1xx_hal_tim.o
 .debug_info    0x0000000000010192     0x1b67 build/stm32f1xx_hal_tim_ex.o
 .debug_info    0x0000000000011cf9     0x1e17 build/stm32f1xx_hal_uart.o
 .debug_info    0x0000000000013b10      0x26e build/system_stm32f1xx.o
 .debug_info    0x0000000000013d7e      0x309 build/list.o
 .debug_info    0x0000000000014087     0x2875 build/queue.o
 .debug_info    0x00000000000168fc     0x31ce build/tasks.o
 .debug_info    0x0000000000019aca     0x1a79 build/timers.o
 .debug_info    0x000000000001b543     0x4d74 build/cmsis_os2.o
 .debug_info    0x00000000000202b7      0x49b build/heap_4.o
 .debug_info    0x0000000000020752      0x54d build/port.o
 .debug_info    0x0000000000020c9f       0x22 build/startup_stm32f103x6_init.o

.debug_abbrev   0x0000000000000000     0x4882
 .debug_abbrev  0x0000000000000000      0x214 build/main.o
 .debug_abbrev  0x0000000000000214      0x13f build/gpio.o
 .debug_abbrev  0x0000000000000353      0x10e build/freertos.o
 .debug_abbrev  0x0000000000000461      0x1ce build/adc.o
 .debug_abbrev  0x000000000000062f      0x1f3 build/tim.o
 .debug_abbrev  0x0000000000000822      0x1ce build/usart.o
 .debug_abbrev  0x00000000000009f0       0xfe build/example.o
 .debug_abbrev  0x0000000000000aee      0x184 build/driver_motor.o
 .debug_abbrev  0x0000000000000c72      0x1fd build/driver_console.o
 .debug_abbrev  0x0000000000000e6f      0x22e build/driver_lcd.o
 .debug_abbrev  0x000000000000109d      0x1fa build/driver_temp.o
 .debug_abbrev  0x0000000000001297      0x18d build/stm32f1xx_it.o
 .debug_abbrev  0x0000000000001424      0x130 build/stm32f1xx_hal_msp.o
 .debug_abbrev  0x0000000000001554      0x1ef build/stm32f1xx_hal_timebase_tim.o
 .debug_abbrev  0x0000000000001743      0x239 build/stm32f1xx_hal_adc.o
 .debug_abbrev  0x000000000000197c      0x26a build/stm32f1xx_hal_adc_ex.o
 .debug_abbrev  0x0000000000001be6      0x1f7 build/stm32f1xx_hal.o
 .debug_abbrev  0x0000000000001ddd      0x29a build/stm32f1xx_hal_rcc.o
 .debug_abbrev  0x0000000000002077      0x1d5 build/stm32f1xx_hal_rcc_ex.o
 .debug_abbrev  0x000000000000224c      0x222 build/stm32f1xx_hal_gpio.o
 .debug_abbrev  0x000000000000246e      0x244 build/stm32f1xx_hal_dma.o
 .debug_abbrev  0x00000000000026b2      0x359 build/stm32f1xx_hal_cortex.o
 .debug_abbrev  0x0000000000002a0b      0x296 build/stm32f1xx_hal_tim.o
 .debug_abbrev  0x0000000000002ca1      0x298 build/stm32f1xx_hal_tim_ex.o
 .debug_abbrev  0x0000000000002f39      0x2ab build/stm32f1xx_hal_uart.o
 .debug_abbrev  0x00000000000031e4      0x140 build/system_stm32f1xx.o
 .debug_abbrev  0x0000000000003324      0x124 build/list.o
 .debug_abbrev  0x0000000000003448      0x3e7 build/queue.o
 .debug_abbrev  0x000000000000382f      0x399 build/tasks.o
 .debug_abbrev  0x0000000000003bc8      0x35d build/timers.o
 .debug_abbrev  0x0000000000003f25      0x459 build/cmsis_os2.o
 .debug_abbrev  0x000000000000437e      0x255 build/heap_4.o
 .debug_abbrev  0x00000000000045d3      0x29d build/port.o
 .debug_abbrev  0x0000000000004870       0x12 build/startup_stm32f103x6_init.o

.debug_loc      0x0000000000000000    0x1b6e6
 .debug_loc     0x0000000000000000       0xc8 build/main.o
 .debug_loc     0x00000000000000c8       0x38 build/gpio.o
 .debug_loc     0x0000000000000100       0x65 build/freertos.o
 .debug_loc     0x0000000000000165      0x12c build/adc.o
 .debug_loc     0x0000000000000291      0x18b build/tim.o
 .debug_loc     0x000000000000041c      0x108 build/usart.o
 .debug_loc     0x0000000000000524       0xac build/example.o
 .debug_loc     0x00000000000005d0       0x20 build/driver_motor.o
 .debug_loc     0x00000000000005f0      0x1b0 build/driver_console.o
 .debug_loc     0x00000000000007a0      0x368 build/driver_lcd.o
 .debug_loc     0x0000000000000b08      0x11e build/driver_temp.o
 .debug_loc     0x0000000000000c26       0x80 build/stm32f1xx_it.o
 .debug_loc     0x0000000000000ca6       0x4d build/stm32f1xx_hal_msp.o
 .debug_loc     0x0000000000000cf3       0xcd build/stm32f1xx_hal_timebase_tim.o
 .debug_loc     0x0000000000000dc0      0xe92 build/stm32f1xx_hal_adc.o
 .debug_loc     0x0000000000001c52      0xabd build/stm32f1xx_hal_adc_ex.o
 .debug_loc     0x000000000000270f      0x1e1 build/stm32f1xx_hal.o
 .debug_loc     0x00000000000028f0      0x7ee build/stm32f1xx_hal_rcc.o
 .debug_loc     0x00000000000030de      0x444 build/stm32f1xx_hal_rcc_ex.o
 .debug_loc     0x0000000000003522      0x511 build/stm32f1xx_hal_gpio.o
 .debug_loc     0x0000000000003a33      0x901 build/stm32f1xx_hal_dma.o
 .debug_loc     0x0000000000004334      0x77f build/stm32f1xx_hal_cortex.o
 .debug_loc     0x0000000000004ab3     0x56a6 build/stm32f1xx_hal_tim.o
 .debug_loc     0x000000000000a159     0x20a0 build/stm32f1xx_hal_tim_ex.o
 .debug_loc     0x000000000000c1f9     0x26ad build/stm32f1xx_hal_uart.o
 .debug_loc     0x000000000000e8a6       0xff build/system_stm32f1xx.o
 .debug_loc     0x000000000000e9a5       0xe5 build/list.o
 .debug_loc     0x000000000000ea8a     0x2038 build/queue.o
 .debug_loc     0x0000000000010ac2     0x2c73 build/tasks.o
 .debug_loc     0x0000000000013735     0x156b build/timers.o
 .debug_loc     0x0000000000014ca0     0x6519 build/cmsis_os2.o
 .debug_loc     0x000000000001b1b9      0x3c1 build/heap_4.o
 .debug_loc     0x000000000001b57a      0x16c build/port.o

.debug_aranges  0x0000000000000000     0x1650
 .debug_aranges
                0x0000000000000000       0x38 build/main.o
 .debug_aranges
                0x0000000000000038       0x20 build/gpio.o
 .debug_aranges
                0x0000000000000058       0x28 build/freertos.o
 .debug_aranges
                0x0000000000000080       0x30 build/adc.o
 .debug_aranges
                0x00000000000000b0       0x38 build/tim.o
 .debug_aranges
                0x00000000000000e8       0x30 build/usart.o
 .debug_aranges
                0x0000000000000118       0x28 build/example.o
 .debug_aranges
                0x0000000000000140       0x38 build/driver_motor.o
 .debug_aranges
                0x0000000000000178       0x38 build/driver_console.o
 .debug_aranges
                0x00000000000001b0       0x50 build/driver_lcd.o
 .debug_aranges
                0x0000000000000200       0x38 build/driver_temp.o
 .debug_aranges
                0x0000000000000238       0x68 build/stm32f1xx_it.o
 .debug_aranges
                0x00000000000002a0       0x20 build/stm32f1xx_hal_msp.o
 .debug_aranges
                0x00000000000002c0       0x30 build/stm32f1xx_hal_timebase_tim.o
 .debug_aranges
                0x00000000000002f0       0xf0 build/stm32f1xx_hal_adc.o
 .debug_aranges
                0x00000000000003e0       0x80 build/stm32f1xx_hal_adc_ex.o
 .debug_aranges
                0x0000000000000460       0xe0 build/stm32f1xx_hal.o
 .debug_aranges
                0x0000000000000540       0x90 build/stm32f1xx_hal_rcc.o
 .debug_aranges
                0x00000000000005d0       0x30 build/stm32f1xx_hal_rcc_ex.o
 .debug_aranges
                0x0000000000000600       0x58 build/stm32f1xx_hal_gpio.o
 .debug_aranges
                0x0000000000000658       0x80 build/stm32f1xx_hal_dma.o
 .debug_aranges
                0x00000000000006d8       0x90 build/stm32f1xx_hal_cortex.o
 .debug_aranges
                0x0000000000000768      0x3d0 build/stm32f1xx_hal_tim.o
 .debug_aranges
                0x0000000000000b38      0x168 build/stm32f1xx_hal_tim_ex.o
 .debug_aranges
                0x0000000000000ca0      0x200 build/stm32f1xx_hal_uart.o
 .debug_aranges
                0x0000000000000ea0       0x28 build/system_stm32f1xx.o
 .debug_aranges
                0x0000000000000ec8       0x40 build/list.o
 .debug_aranges
                0x0000000000000f08      0x158 build/queue.o
 .debug_aranges
                0x0000000000001060      0x1f8 build/tasks.o
 .debug_aranges
                0x0000000000001258       0xe0 build/timers.o
 .debug_aranges
                0x0000000000001338      0x228 build/cmsis_os2.o
 .debug_aranges
                0x0000000000001560       0x50 build/heap_4.o
 .debug_aranges
                0x00000000000015b0       0x78 build/port.o
 .debug_aranges
                0x0000000000001628       0x28 build/startup_stm32f103x6_init.o

.debug_ranges   0x0000000000000000     0x16d8
 .debug_ranges  0x0000000000000000       0x28 build/main.o
 .debug_ranges  0x0000000000000028       0x10 build/gpio.o
 .debug_ranges  0x0000000000000038       0x18 build/freertos.o
 .debug_ranges  0x0000000000000050       0x20 build/adc.o
 .debug_ranges  0x0000000000000070       0x28 build/tim.o
 .debug_ranges  0x0000000000000098       0x20 build/usart.o
 .debug_ranges  0x00000000000000b8       0x18 build/example.o
 .debug_ranges  0x00000000000000d0       0x28 build/driver_motor.o
 .debug_ranges  0x00000000000000f8       0x28 build/driver_console.o
 .debug_ranges  0x0000000000000120       0x40 build/driver_lcd.o
 .debug_ranges  0x0000000000000160       0x28 build/driver_temp.o
 .debug_ranges  0x0000000000000188       0x58 build/stm32f1xx_it.o
 .debug_ranges  0x00000000000001e0       0x10 build/stm32f1xx_hal_msp.o
 .debug_ranges  0x00000000000001f0       0x20 build/stm32f1xx_hal_timebase_tim.o
 .debug_ranges  0x0000000000000210       0xe0 build/stm32f1xx_hal_adc.o
 .debug_ranges  0x00000000000002f0       0x70 build/stm32f1xx_hal_adc_ex.o
 .debug_ranges  0x0000000000000360       0xd0 build/stm32f1xx_hal.o
 .debug_ranges  0x0000000000000430       0xa0 build/stm32f1xx_hal_rcc.o
 .debug_ranges  0x00000000000004d0       0x38 build/stm32f1xx_hal_rcc_ex.o
 .debug_ranges  0x0000000000000508       0x48 build/stm32f1xx_hal_gpio.o
 .debug_ranges  0x0000000000000550       0x70 build/stm32f1xx_hal_dma.o
 .debug_ranges  0x00000000000005c0       0xe0 build/stm32f1xx_hal_cortex.o
 .debug_ranges  0x00000000000006a0      0x3c0 build/stm32f1xx_hal_tim.o
 .debug_ranges  0x0000000000000a60      0x158 build/stm32f1xx_hal_tim_ex.o
 .debug_ranges  0x0000000000000bb8      0x1f0 build/stm32f1xx_hal_uart.o
 .debug_ranges  0x0000000000000da8       0x18 build/system_stm32f1xx.o
 .debug_ranges  0x0000000000000dc0       0x30 build/list.o
 .debug_ranges  0x0000000000000df0      0x218 build/queue.o
 .debug_ranges  0x0000000000001008      0x320 build/tasks.o
 .debug_ranges  0x0000000000001328       0xd0 build/timers.o
 .debug_ranges  0x00000000000013f8      0x218 build/cmsis_os2.o
 .debug_ranges  0x0000000000001610       0x40 build/heap_4.o
 .debug_ranges  0x0000000000001650       0x68 build/port.o
 .debug_ranges  0x00000000000016b8       0x20 build/startup_stm32f103x6_init.o

.debug_line     0x0000000000000000    0x18be7
 .debug_line    0x0000000000000000      0x3e9 build/main.o
 .debug_line    0x00000000000003e9      0x1cf build/gpio.o
 .debug_line    0x00000000000005b8      0x1a1 build/freertos.o
 .debug_line    0x0000000000000759      0x326 build/adc.o
 .debug_line    0x0000000000000a7f      0x3a8 build/tim.o
 .debug_line    0x0000000000000e27      0x318 build/usart.o
 .debug_line    0x000000000000113f      0x266 build/example.o
 .debug_line    0x00000000000013a5      0x249 build/driver_motor.o
 .debug_line    0x00000000000015ee      0x3e0 build/driver_console.o
 .debug_line    0x00000000000019ce      0x405 build/driver_lcd.o
 .debug_line    0x0000000000001dd3      0x37f build/driver_temp.o
 .debug_line    0x0000000000002152      0x325 build/stm32f1xx_it.o
 .debug_line    0x0000000000002477      0x1bb build/stm32f1xx_hal_msp.o
 .debug_line    0x0000000000002632      0x2a1 build/stm32f1xx_hal_timebase_tim.o
 .debug_line    0x00000000000028d3      0xef2 build/stm32f1xx_hal_adc.o
 .debug_line    0x00000000000037c5      0xbc9 build/stm32f1xx_hal_adc_ex.o
 .debug_line    0x000000000000438e      0x534 build/stm32f1xx_hal.o
 .debug_line    0x00000000000048c2      0xc2f build/stm32f1xx_hal_rcc.o
 .debug_line    0x00000000000054f1      0x4a1 build/stm32f1xx_hal_rcc_ex.o
 .debug_line    0x0000000000005992      0x5cf build/stm32f1xx_hal_gpio.o
 .debug_line    0x0000000000005f61      0xa56 build/stm32f1xx_hal_dma.o
 .debug_line    0x00000000000069b7      0x63c build/stm32f1xx_hal_cortex.o
 .debug_line    0x0000000000006ff3     0x4638 build/stm32f1xx_hal_tim.o
 .debug_line    0x000000000000b62b     0x1b3d build/stm32f1xx_hal_tim_ex.o
 .debug_line    0x000000000000d168     0x20cf build/stm32f1xx_hal_uart.o
 .debug_line    0x000000000000f237      0x246 build/system_stm32f1xx.o
 .debug_line    0x000000000000f47d      0x377 build/list.o
 .debug_line    0x000000000000f7f4     0x203d build/queue.o
 .debug_line    0x0000000000011831     0x2bec build/tasks.o
 .debug_line    0x000000000001441d      0xe0a build/timers.o
 .debug_line    0x0000000000015227     0x2d0d build/cmsis_os2.o
 .debug_line    0x0000000000017f34      0x67e build/heap_4.o
 .debug_line    0x00000000000185b2      0x5af build/port.o
 .debug_line    0x0000000000018b61       0x86 build/startup_stm32f103x6_init.o

.debug_str      0x0000000000000000     0x707a
 .debug_str     0x0000000000000000      0x867 build/main.o
                                        0x922 (size before relaxing)
 .debug_str     0x0000000000000867       0xdd build/gpio.o
                                        0x26f (size before relaxing)
 .debug_str     0x0000000000000944      0x4d5 build/freertos.o
                                        0x65c (size before relaxing)
 .debug_str     0x0000000000000e19      0x462 build/adc.o
                                        0x8e8 (size before relaxing)
 .debug_str     0x000000000000127b      0x1f0 build/tim.o
                                        0xbe4 (size before relaxing)
 .debug_str     0x000000000000146b      0x224 build/usart.o
                                        0x961 (size before relaxing)
 .debug_str     0x000000000000168f       0xe5 build/example.o
                                        0x271 (size before relaxing)
 .debug_str     0x0000000000001774       0x30 build/driver_motor.o
                                        0x690 (size before relaxing)
 .debug_str     0x00000000000017a4      0x127 build/driver_console.o
                                        0x6d2 (size before relaxing)
 .debug_str     0x00000000000018cb       0xfe build/driver_lcd.o
                                        0x355 (size before relaxing)
 .debug_str     0x00000000000019c9       0x99 build/driver_temp.o
                                        0x5f9 (size before relaxing)
 .debug_str     0x0000000000001a62      0x107 build/stm32f1xx_it.o
                                        0xa67 (size before relaxing)
 .debug_str     0x0000000000001b69       0x5a build/stm32f1xx_hal_msp.o
                                        0x4c1 (size before relaxing)
 .debug_str     0x0000000000001bc3       0xe6 build/stm32f1xx_hal_timebase_tim.o
                                        0xaa8 (size before relaxing)
 .debug_str     0x0000000000001ca9      0x30b build/stm32f1xx_hal_adc.o
                                        0x8c5 (size before relaxing)
 .debug_str     0x0000000000001fb4      0x291 build/stm32f1xx_hal_adc_ex.o
                                        0x87e (size before relaxing)
 .debug_str     0x0000000000002245      0x2ad build/stm32f1xx_hal.o
                                        0x7dc (size before relaxing)
 .debug_str     0x00000000000024f2      0x1cb build/stm32f1xx_hal_rcc.o
                                        0x61d (size before relaxing)
 .debug_str     0x00000000000026bd       0x84 build/stm32f1xx_hal_rcc_ex.o
                                        0x3c5 (size before relaxing)
 .debug_str     0x0000000000002741      0x115 build/stm32f1xx_hal_gpio.o
                                        0x3f2 (size before relaxing)
 .debug_str     0x0000000000002856      0x21b build/stm32f1xx_hal_dma.o
                                        0x5ef (size before relaxing)
 .debug_str     0x0000000000002a71      0x395 build/stm32f1xx_hal_cortex.o
                                        0x88b (size before relaxing)
 .debug_str     0x0000000000002e06      0xd65 build/stm32f1xx_hal_tim.o
                                       0x162a (size before relaxing)
 .debug_str     0x0000000000003b6b      0x524 build/stm32f1xx_hal_tim_ex.o
                                        0xe2b (size before relaxing)
 .debug_str     0x000000000000408f      0x59e build/stm32f1xx_hal_uart.o
                                        0xc80 (size before relaxing)
 .debug_str     0x000000000000462d       0x52 build/system_stm32f1xx.o
                                        0x246 (size before relaxing)
 .debug_str     0x000000000000467f      0x145 build/list.o
                                        0x2e7 (size before relaxing)
 .debug_str     0x00000000000047c4      0x935 build/queue.o
                                        0xc65 (size before relaxing)
 .debug_str     0x00000000000050f9      0xc02 build/tasks.o
                                       0x1272 (size before relaxing)
 .debug_str     0x0000000000005cfb      0x5ac build/timers.o
                                        0xbd8 (size before relaxing)
 .debug_str     0x00000000000062a7      0xa46 build/cmsis_os2.o
                                       0x18dd (size before relaxing)
 .debug_str     0x0000000000006ced      0x1d8 build/heap_4.o
                                        0x3d0 (size before relaxing)
 .debug_str     0x0000000000006ec5      0x180 build/port.o
                                        0x453 (size before relaxing)
 .debug_str     0x0000000000007045       0x35 build/startup_stm32f103x6_init.o
                                         0x66 (size before relaxing)

.comment        0x0000000000000000       0x44
 .comment       0x0000000000000000       0x44 build/main.o
                                         0x45 (size before relaxing)
 .comment       0x0000000000000044       0x45 build/gpio.o
 .comment       0x0000000000000044       0x45 build/freertos.o
 .comment       0x0000000000000044       0x45 build/adc.o
 .comment       0x0000000000000044       0x45 build/tim.o
 .comment       0x0000000000000044       0x45 build/usart.o
 .comment       0x0000000000000044       0x45 build/example.o
 .comment       0x0000000000000044       0x45 build/driver_motor.o
 .comment       0x0000000000000044       0x45 build/driver_console.o
 .comment       0x0000000000000044       0x45 build/driver_lcd.o
 .comment       0x0000000000000044       0x45 build/driver_temp.o
 .comment       0x0000000000000044       0x45 build/stm32f1xx_it.o
 .comment       0x0000000000000044       0x45 build/stm32f1xx_hal_msp.o
 .comment       0x0000000000000044       0x45 build/stm32f1xx_hal_timebase_tim.o
 .comment       0x0000000000000044       0x45 build/stm32f1xx_hal_adc.o
 .comment       0x0000000000000044       0x45 build/stm32f1xx_hal_adc_ex.o
 .comment       0x0000000000000044       0x45 build/stm32f1xx_hal.o
 .comment       0x0000000000000044       0x45 build/stm32f1xx_hal_rcc.o
 .comment       0x0000000000000044       0x45 build/stm32f1xx_hal_rcc_ex.o
 .comment       0x0000000000000044       0x45 build/stm32f1xx_hal_gpio.o
 .comment       0x0000000000000044       0x45 build/stm32f1xx_hal_dma.o
 .comment       0x0000000000000044       0x45 build/stm32f1xx_hal_cortex.o
 .comment       0x0000000000000044       0x45 build/stm32f1xx_hal_tim.o
 .comment       0x0000000000000044       0x45 build/stm32f1xx_hal_tim_ex.o
 .comment       0x0000000000000044       0x45 build/stm32f1xx_hal_uart.o
 .comment       0x0000000000000044       0x45 build/system_stm32f1xx.o
 .comment       0x0000000000000044       0x45 build/list.o
 .comment       0x0000000000000044       0x45 build/queue.o
 .comment       0x0000000000000044       0x45 build/tasks.o
 .comment       0x0000000000000044       0x45 build/timers.o
 .comment       0x0000000000000044       0x45 build/cmsis_os2.o
 .comment       0x0000000000000044       0x45 build/heap_4.o
 .comment       0x0000000000000044       0x45 build/port.o

.debug_frame    0x0000000000000000     0x40cc
 .debug_frame   0x0000000000000000       0x70 build/main.o
 .debug_frame   0x0000000000000070       0x30 build/gpio.o
 .debug_frame   0x00000000000000a0       0x40 build/freertos.o
 .debug_frame   0x00000000000000e0       0x68 build/adc.o
 .debug_frame   0x0000000000000148       0x84 build/tim.o
 .debug_frame   0x00000000000001cc       0x64 build/usart.o
 .debug_frame   0x0000000000000230       0x48 build/example.o
 .debug_frame   0x0000000000000278       0x58 build/driver_motor.o
 .debug_frame   0x00000000000002d0       0x88 build/driver_console.o
 .debug_frame   0x0000000000000358       0xd4 build/driver_lcd.o
 .debug_frame   0x000000000000042c       0x80 build/driver_temp.o
 .debug_frame   0x00000000000004ac       0xd0 build/stm32f1xx_it.o
 .debug_frame   0x000000000000057c       0x2c build/stm32f1xx_hal_msp.o
 .debug_frame   0x00000000000005a8       0x50 build/stm32f1xx_hal_timebase_tim.o
 .debug_frame   0x00000000000005f8      0x2c4 build/stm32f1xx_hal_adc.o
 .debug_frame   0x00000000000008bc      0x19c build/stm32f1xx_hal_adc_ex.o
 .debug_frame   0x0000000000000a58      0x1cc build/stm32f1xx_hal.o
 .debug_frame   0x0000000000000c24      0x190 build/stm32f1xx_hal_rcc.o
 .debug_frame   0x0000000000000db4       0x64 build/stm32f1xx_hal_rcc_ex.o
 .debug_frame   0x0000000000000e18       0xe4 build/stm32f1xx_hal_gpio.o
 .debug_frame   0x0000000000000efc      0x144 build/stm32f1xx_hal_dma.o
 .debug_frame   0x0000000000001040      0x118 build/stm32f1xx_hal_cortex.o
 .debug_frame   0x0000000000001158      0xb30 build/stm32f1xx_hal_tim.o
 .debug_frame   0x0000000000001c88      0x40c build/stm32f1xx_hal_tim_ex.o
 .debug_frame   0x0000000000002094      0x5dc build/stm32f1xx_hal_uart.o
 .debug_frame   0x0000000000002670       0x30 build/system_stm32f1xx.o
 .debug_frame   0x00000000000026a0       0x70 build/list.o
 .debug_frame   0x0000000000002710      0x458 build/queue.o
 .debug_frame   0x0000000000002b68      0x66c build/tasks.o
 .debug_frame   0x00000000000031d4      0x2cc build/timers.o
 .debug_frame   0x00000000000034a0      0x7bc build/cmsis_os2.o
 .debug_frame   0x0000000000003c5c       0xb0 build/heap_4.o
 .debug_frame   0x0000000000003d0c       0xf0 build/port.o
 .debug_frame   0x0000000000003dfc       0x2c c:/users/test/desktop/gnu mcu/arm-none-eabi-gcc-10.2.1-1.1/bin/../lib/gcc/arm-none-eabi/10.2.1/../../../../arm-none-eabi/lib/thumb/v7-m/nofp\libc_nano.a(lib_a-init.o)
 .debug_frame   0x0000000000003e28       0x28 c:/users/test/desktop/gnu mcu/arm-none-eabi-gcc-10.2.1-1.1/bin/../lib/gcc/arm-none-eabi/10.2.1/../../../../arm-none-eabi/lib/thumb/v7-m/nofp\libc_nano.a(lib_a-memcpy-stub.o)
 .debug_frame   0x0000000000003e50       0x20 c:/users/test/desktop/gnu mcu/arm-none-eabi-gcc-10.2.1-1.1/bin/../lib/gcc/arm-none-eabi/10.2.1/../../../../arm-none-eabi/lib/thumb/v7-m/nofp\libc_nano.a(lib_a-memset.o)
 .debug_frame   0x0000000000003e70       0x30 c:/users/test/desktop/gnu mcu/arm-none-eabi-gcc-10.2.1-1.1/bin/../lib/gcc/arm-none-eabi/10.2.1/thumb/v7-m/nofp\libgcc.a(_arm_muldf3.o)
 .debug_frame   0x0000000000003ea0       0x24 c:/users/test/desktop/gnu mcu/arm-none-eabi-gcc-10.2.1-1.1/bin/../lib/gcc/arm-none-eabi/10.2.1/thumb/v7-m/nofp\libgcc.a(_arm_mulsf3.o)
 .debug_frame   0x0000000000003ec4       0xac c:/users/test/desktop/gnu mcu/arm-none-eabi-gcc-10.2.1-1.1/bin/../lib/gcc/arm-none-eabi/10.2.1/thumb/v7-m/nofp\libgcc.a(_arm_addsubdf3.o)
 .debug_frame   0x0000000000003f70       0x24 c:/users/test/desktop/gnu mcu/arm-none-eabi-gcc-10.2.1-1.1/bin/../lib/gcc/arm-none-eabi/10.2.1/thumb/v7-m/nofp\libgcc.a(_arm_truncdfsf2.o)
 .debug_frame   0x0000000000003f94       0x4c c:/users/test/desktop/gnu mcu/arm-none-eabi-gcc-10.2.1-1.1/bin/../lib/gcc/arm-none-eabi/10.2.1/thumb/v7-m/nofp\libgcc.a(_arm_addsubsf3.o)
 .debug_frame   0x0000000000003fe0       0xc8 c:/users/test/desktop/gnu mcu/arm-none-eabi-gcc-10.2.1-1.1/bin/../lib/gcc/arm-none-eabi/10.2.1/thumb/v7-m/nofp\libgcc.a(_arm_cmpsf2.o)
 .debug_frame   0x00000000000040a8       0x24 c:/users/test/desktop/gnu mcu/arm-none-eabi-gcc-10.2.1-1.1/bin/../lib/gcc/arm-none-eabi/10.2.1/thumb/v7-m/nofp\libgcc.a(_arm_fixunssfsi.o)

Cross Reference Table

Symbol                                            File
ADC1_2_IRQHandler                                 build/stm32f1xx_it.o
ADC_ConversionStop_Disable                        build/stm32f1xx_hal_adc.o
                                                  build/stm32f1xx_hal_adc_ex.o
ADC_DMAConvCplt                                   build/stm32f1xx_hal_adc.o
                                                  build/stm32f1xx_hal_adc_ex.o
ADC_DMAError                                      build/stm32f1xx_hal_adc.o
                                                  build/stm32f1xx_hal_adc_ex.o
ADC_DMAHalfConvCplt                               build/stm32f1xx_hal_adc.o
                                                  build/stm32f1xx_hal_adc_ex.o
ADC_Enable                                        build/stm32f1xx_hal_adc.o
                                                  build/stm32f1xx_hal_adc_ex.o
AHBPrescTable                                     build/system_stm32f1xx.o
                                                  build/stm32f1xx_hal_rcc.o
APBPrescTable                                     build/system_stm32f1xx.o
                                                  build/stm32f1xx_hal_rcc.o
BusFault_Handler                                  build/stm32f1xx_it.o
CAN1_RX1_IRQHandler                               build/startup_stm32f103x6_init.o
CAN1_SCE_IRQHandler                               build/startup_stm32f103x6_init.o
DMA1_Channel1_IRQHandler                          build/startup_stm32f103x6_init.o
DMA1_Channel2_IRQHandler                          build/startup_stm32f103x6_init.o
DMA1_Channel3_IRQHandler                          build/startup_stm32f103x6_init.o
DMA1_Channel4_IRQHandler                          build/startup_stm32f103x6_init.o
DMA1_Channel5_IRQHandler                          build/startup_stm32f103x6_init.o
DMA1_Channel6_IRQHandler                          build/startup_stm32f103x6_init.o
DMA1_Channel7_IRQHandler                          build/startup_stm32f103x6_init.o
DebugMon_Handler                                  build/stm32f1xx_it.o
Default_Handler                                   build/startup_stm32f103x6_init.o
EXTI0_IRQHandler                                  build/startup_stm32f103x6_init.o
EXTI15_10_IRQHandler                              build/startup_stm32f103x6_init.o
EXTI1_IRQHandler                                  build/startup_stm32f103x6_init.o
EXTI2_IRQHandler                                  build/startup_stm32f103x6_init.o
EXTI3_IRQHandler                                  build/startup_stm32f103x6_init.o
EXTI4_IRQHandler                                  build/startup_stm32f103x6_init.o
EXTI9_5_IRQHandler                                build/startup_stm32f103x6_init.o
Error_Handler                                     build/main.o
                                                  build/usart.o
                                                  build/tim.o
                                                  build/adc.o
FLASH_IRQHandler                                  build/startup_stm32f103x6_init.o
FLASH_PageErase                                   build/stm32f1xx_hal_flash_ex.o
                                                  build/stm32f1xx_hal_flash.o
FLASH_WaitForLastOperation                        build/stm32f1xx_hal_flash.o
                                                  build/stm32f1xx_hal_flash_ex.o
HAL_ADCEx_Calibration_Start                       build/stm32f1xx_hal_adc_ex.o
HAL_ADCEx_InjectedConfigChannel                   build/stm32f1xx_hal_adc_ex.o
HAL_ADCEx_InjectedConvCpltCallback                build/stm32f1xx_hal_adc_ex.o
                                                  build/stm32f1xx_hal_adc.o
HAL_ADCEx_InjectedGetValue                        build/stm32f1xx_hal_adc_ex.o
HAL_ADCEx_InjectedPollForConversion               build/stm32f1xx_hal_adc_ex.o
HAL_ADCEx_InjectedStart                           build/stm32f1xx_hal_adc_ex.o
HAL_ADCEx_InjectedStart_IT                        build/stm32f1xx_hal_adc_ex.o
HAL_ADCEx_InjectedStop                            build/stm32f1xx_hal_adc_ex.o
HAL_ADCEx_InjectedStop_IT                         build/stm32f1xx_hal_adc_ex.o
HAL_ADCEx_MultiModeConfigChannel                  build/stm32f1xx_hal_adc_ex.o
HAL_ADCEx_MultiModeGetValue                       build/stm32f1xx_hal_adc_ex.o
HAL_ADCEx_MultiModeStart_DMA                      build/stm32f1xx_hal_adc_ex.o
HAL_ADCEx_MultiModeStop_DMA                       build/stm32f1xx_hal_adc_ex.o
HAL_ADC_AnalogWDGConfig                           build/stm32f1xx_hal_adc.o
HAL_ADC_ConfigChannel                             build/stm32f1xx_hal_adc.o
                                                  build/adc.o
HAL_ADC_ConvCpltCallback                          build/driver_temp.o
HAL_ADC_ConvHalfCpltCallback                      build/stm32f1xx_hal_adc.o
HAL_ADC_DeInit                                    build/stm32f1xx_hal_adc.o
HAL_ADC_ErrorCallback                             build/stm32f1xx_hal_adc.o
HAL_ADC_GetError                                  build/stm32f1xx_hal_adc.o
HAL_ADC_GetState                                  build/stm32f1xx_hal_adc.o
HAL_ADC_GetValue                                  build/stm32f1xx_hal_adc.o
                                                  build/driver_temp.o
HAL_ADC_IRQHandler                                build/stm32f1xx_hal_adc.o
                                                  build/stm32f1xx_it.o
HAL_ADC_Init                                      build/stm32f1xx_hal_adc.o
                                                  build/adc.o
HAL_ADC_LevelOutOfWindowCallback                  build/stm32f1xx_hal_adc.o
HAL_ADC_MspDeInit                                 build/adc.o
HAL_ADC_MspInit                                   build/adc.o
HAL_ADC_PollForConversion                         build/stm32f1xx_hal_adc.o
HAL_ADC_PollForEvent                              build/stm32f1xx_hal_adc.o
HAL_ADC_Start                                     build/stm32f1xx_hal_adc.o
HAL_ADC_Start_DMA                                 build/stm32f1xx_hal_adc.o
HAL_ADC_Start_IT                                  build/stm32f1xx_hal_adc.o
                                                  build/driver_temp.o
HAL_ADC_Stop                                      build/stm32f1xx_hal_adc.o
HAL_ADC_Stop_DMA                                  build/stm32f1xx_hal_adc.o
HAL_ADC_Stop_IT                                   build/stm32f1xx_hal_adc.o
HAL_DBGMCU_DisableDBGSleepMode                    build/stm32f1xx_hal.o
HAL_DBGMCU_DisableDBGStandbyMode                  build/stm32f1xx_hal.o
HAL_DBGMCU_DisableDBGStopMode                     build/stm32f1xx_hal.o
HAL_DBGMCU_EnableDBGSleepMode                     build/stm32f1xx_hal.o
HAL_DBGMCU_EnableDBGStandbyMode                   build/stm32f1xx_hal.o
HAL_DBGMCU_EnableDBGStopMode                      build/stm32f1xx_hal.o
HAL_DMA_Abort                                     build/stm32f1xx_hal_dma.o
                                                  build/stm32f1xx_hal_uart.o
                                                  build/stm32f1xx_hal_adc_ex.o
                                                  build/stm32f1xx_hal_adc.o
HAL_DMA_Abort_IT                                  build/stm32f1xx_hal_dma.o
                                                  build/stm32f1xx_hal_uart.o
                                                  build/stm32f1xx_hal_tim_ex.o
                                                  build/stm32f1xx_hal_tim.o
HAL_DMA_DeInit                                    build/stm32f1xx_hal_dma.o
HAL_DMA_GetError                                  build/stm32f1xx_hal_dma.o
                                                  build/stm32f1xx_hal_uart.o
HAL_DMA_GetState                                  build/stm32f1xx_hal_dma.o
HAL_DMA_IRQHandler                                build/stm32f1xx_hal_dma.o
HAL_DMA_Init                                      build/stm32f1xx_hal_dma.o
HAL_DMA_PollForTransfer                           build/stm32f1xx_hal_dma.o
HAL_DMA_RegisterCallback                          build/stm32f1xx_hal_dma.o
HAL_DMA_Start                                     build/stm32f1xx_hal_dma.o
HAL_DMA_Start_IT                                  build/stm32f1xx_hal_dma.o
                                                  build/stm32f1xx_hal_uart.o
                                                  build/stm32f1xx_hal_tim_ex.o
                                                  build/stm32f1xx_hal_tim.o
                                                  build/stm32f1xx_hal_adc_ex.o
                                                  build/stm32f1xx_hal_adc.o
HAL_DMA_UnRegisterCallback                        build/stm32f1xx_hal_dma.o
HAL_DeInit                                        build/stm32f1xx_hal.o
HAL_Delay                                         build/stm32f1xx_hal.o
HAL_EXTI_ClearConfigLine                          build/stm32f1xx_hal_exti.o
HAL_EXTI_ClearPending                             build/stm32f1xx_hal_exti.o
HAL_EXTI_GenerateSWI                              build/stm32f1xx_hal_exti.o
HAL_EXTI_GetConfigLine                            build/stm32f1xx_hal_exti.o
HAL_EXTI_GetHandle                                build/stm32f1xx_hal_exti.o
HAL_EXTI_GetPending                               build/stm32f1xx_hal_exti.o
HAL_EXTI_IRQHandler                               build/stm32f1xx_hal_exti.o
HAL_EXTI_RegisterCallback                         build/stm32f1xx_hal_exti.o
HAL_EXTI_SetConfigLine                            build/stm32f1xx_hal_exti.o
HAL_FLASHEx_Erase                                 build/stm32f1xx_hal_flash_ex.o